\BOOKMARK [1][-]{section.1}{\376\377\000I\000n\000t\000r\000o\000d\000u\000c\000t\000i\000o\000n}{}% 1
\BOOKMARK [2][-]{subsection.1.1}{\376\377\000T\000h\000e\000\040\000S\000c\000i\000e\000n\000t\000i\000f\000i\000c\000\040\000C\000l\000a\000i\000m}{section.1}% 2
\BOOKMARK [2][-]{subsection.1.2}{\376\377\000L\000e\000a\000k\000a\000g\000e\000\040\000a\000s\000\040\000a\000\040\000D\000e\000s\000i\000g\000n\000\040\000C\000o\000n\000s\000t\000r\000a\000i\000n\000t\000,\000\040\000N\000o\000t\000\040\000a\000\040\000P\000o\000s\000t\000-\000h\000o\000c\000\040\000C\000h\000e\000c\000k}{section.1}% 3
\BOOKMARK [2][-]{subsection.1.3}{\376\377\000C\000o\000n\000t\000r\000i\000b\000u\000t\000i\000o\000n\000s}{section.1}% 4
\BOOKMARK [2][-]{subsection.1.4}{\376\377\000P\000r\000e\000v\000i\000e\000w\000\040\000o\000f\000\040\000F\000i\000n\000d\000i\000n\000g\000s}{section.1}% 5
\BOOKMARK [2][-]{subsection.1.5}{\376\377\000P\000a\000p\000e\000r\000\040\000O\000r\000g\000a\000n\000i\000z\000a\000t\000i\000o\000n}{section.1}% 6
\BOOKMARK [1][-]{section.2}{\376\377\000R\000e\000l\000a\000t\000e\000d\000\040\000W\000o\000r\000k}{}% 7
\BOOKMARK [2][-]{subsection.2.1}{\376\377\000G\000r\000a\000p\000h\000-\000B\000a\000s\000e\000d\000\040\000F\000r\000a\000u\000d\000\040\000a\000n\000d\000\040\000A\000n\000t\000i\000-\000M\000o\000n\000e\000y\000-\000L\000a\000u\000n\000d\000e\000r\000i\000n\000g\000\040\000D\000e\000t\000e\000c\000t\000i\000o\000n}{section.2}% 8
\BOOKMARK [2][-]{subsection.2.2}{\376\377\000M\000o\000n\000e\000y\000-\000L\000a\000u\000n\000d\000e\000r\000i\000n\000g\000\040\000T\000y\000p\000o\000l\000o\000g\000i\000e\000s\000\040\000a\000n\000d\000\040\000C\000y\000c\000l\000e\000-\000B\000a\000s\000e\000d\000\040\000D\000e\000t\000e\000c\000t\000i\000o\000n}{section.2}% 9
\BOOKMARK [2][-]{subsection.2.3}{\376\377\000C\000l\000a\000s\000s\000-\000I\000m\000b\000a\000l\000a\000n\000c\000e\000\040\000L\000e\000a\000r\000n\000i\000n\000g}{section.2}% 10
\BOOKMARK [2][-]{subsection.2.4}{\376\377\000T\000e\000m\000p\000o\000r\000a\000l\000\040\000G\000r\000a\000p\000h\000\040\000N\000e\000t\000w\000o\000r\000k\000s}{section.2}% 11
\BOOKMARK [2][-]{subsection.2.5}{\376\377\000C\000o\000n\000t\000i\000n\000u\000o\000u\000s\000\040\000A\000u\000d\000i\000t\000i\000n\000g\000\040\000a\000n\000d\000\040\000E\000R\000P\000-\000C\000e\000n\000t\000r\000i\000c\000\040\000F\000r\000a\000u\000d\000\040\000R\000e\000s\000e\000a\000r\000c\000h}{section.2}% 12
\BOOKMARK [2][-]{subsection.2.6}{\376\377\000E\000x\000p\000l\000a\000i\000n\000a\000b\000i\000l\000i\000t\000y\000\040\000f\000o\000r\000\040\000T\000r\000e\000e\000\040\000a\000n\000d\000\040\000G\000r\000a\000p\000h\000\040\000M\000o\000d\000e\000l\000s}{section.2}% 13
\BOOKMARK [2][-]{subsection.2.7}{\376\377\000R\000e\000c\000e\000n\000t\000\040\000A\000d\000v\000a\000n\000c\000e\000s\000\040\000i\000n\000\040\000G\000r\000a\000p\000h\000-\000B\000a\000s\000e\000d\000\040\000a\000n\000d\000\040\000F\000e\000d\000e\000r\000a\000t\000e\000d\000\040\000F\000r\000a\000u\000d\000\040\000D\000e\000t\000e\000c\000t\000i\000o\000n\000\040\000\050\0002\0000\0002\0005\040\023\0002\0000\0002\0006\000\051}{section.2}% 14
\BOOKMARK [2][-]{subsection.2.8}{\376\377\000P\000o\000s\000i\000t\000i\000o\000n\000i\000n\000g\000\040\000o\000f\000\040\000T\000h\000i\000s\000\040\000W\000o\000r\000k}{section.2}% 15
\BOOKMARK [1][-]{section.3}{\376\377\000P\000r\000o\000p\000o\000s\000e\000d\000\040\000M\000o\000d\000e\000l\000\040\000a\000n\000d\000\040\000M\000e\000t\000h\000o\000d\000o\000l\000o\000g\000y}{}% 16
\BOOKMARK [2][-]{subsection.3.1}{\376\377\000P\000r\000o\000b\000l\000e\000m\000\040\000F\000o\000r\000m\000u\000l\000a\000t\000i\000o\000n\000\040\000a\000n\000d\000\040\000L\000e\000a\000k\000a\000g\000e\000\040\000T\000a\000x\000o\000n\000o\000m\000y}{section.3}% 17
\BOOKMARK [3][-]{subsubsection.3.1.1}{\376\377\000T\000a\000s\000k\000\040\000D\000e\000f\000i\000n\000i\000t\000i\000o\000n}{subsection.3.1}% 18
\BOOKMARK [3][-]{subsubsection.3.1.2}{\376\377\000L\000e\000a\000k\000a\000g\000e\000-\000F\000r\000e\000e\000\040\000F\000e\000a\000t\000u\000r\000e\000\040\000C\000o\000m\000p\000u\000t\000a\000t\000i\000o\000n}{subsection.3.1}% 19
\BOOKMARK [3][-]{subsubsection.3.1.3}{\376\377\000L\000e\000a\000k\000a\000g\000e\000\040\000T\000a\000x\000o\000n\000o\000m\000y\000:\000\040\000T\000w\000o\000\040\000F\000a\000i\000l\000u\000r\000e\000\040\000M\000o\000d\000e\000s\000\040\000i\000n\000\040\000t\000h\000e\000\040\000P\000r\000e\000d\000e\000c\000e\000s\000s\000o\000r\000\040\000S\000y\000s\000t\000e\000m}{subsection.3.1}% 20
\BOOKMARK [2][-]{subsection.3.2}{\376\377\000D\000a\000t\000a\000s\000e\000t\000s}{section.3}% 21
\BOOKMARK [3][-]{subsubsection.3.2.1}{\376\377\000O\000v\000e\000r\000v\000i\000e\000w\000\040\000a\000n\000d\000\040\000t\000h\000e\000\040\000T\000o\000p\000o\000l\000o\000g\000y\000-\000R\000i\000c\000h\000n\000e\000s\000s\000\040\000S\000p\000e\000c\000t\000r\000u\000m}{subsection.3.2}% 22
\BOOKMARK [3][-]{subsubsection.3.2.2}{\376\377\000I\000B\000M\000\040\000A\000M\000L}{subsection.3.2}% 23
\BOOKMARK [3][-]{subsubsection.3.2.3}{\376\377\000B\000a\000n\000k\000S\000i\000m}{subsection.3.2}% 24
\BOOKMARK [3][-]{subsubsection.3.2.4}{\376\377\000S\000A\000P\000\040\000W\000\374\000r\000z\000b\000u\000r\000g}{subsection.3.2}% 25
\BOOKMARK [3][-]{subsubsection.3.2.5}{\376\377\000I\000B\000M\000\040\000A\000M\000L\000:\000\040\000K\000a\000g\000g\000l\000e\000\040\000R\000e\000p\000r\000o\000d\000u\000c\000t\000i\000o\000n\000\040\000V\000a\000r\000i\000a\000n\000t}{subsection.3.2}% 26
\BOOKMARK [3][-]{subsubsection.3.2.6}{\376\377\000P\000a\000y\000S\000i\000m\000:\000\040\000P\000r\000o\000f\000i\000l\000e\000d\000,\000\040\000N\000o\000t\000\040\000M\000o\000d\000e\000l\000e\000d}{subsection.3.2}% 27
\BOOKMARK [3][-]{subsubsection.3.2.7}{\376\377\000T\000h\000e\000\040\000S\000y\000n\000t\000h\000e\000t\000i\000c\000\040\000E\000c\000o\000n\000o\000m\000y\000:\000\040\000s\000y\000n\000t\000h\000\137\000e\000r\000p}{subsection.3.2}% 28
\BOOKMARK [2][-]{subsection.3.3}{\376\377\000L\000e\000a\000k\000a\000g\000e\000-\000F\000r\000e\000e\000\040\000T\000e\000m\000p\000o\000r\000a\000l\000\040\000T\000o\000p\000o\000l\000o\000g\000y\000\040\000E\000n\000g\000i\000n\000e}{section.3}% 29
\BOOKMARK [3][-]{subsubsection.3.3.1}{\376\377\000T\000h\000e\000\040\000L\000e\000a\000k\000a\000g\000e\000\040\000I\000n\000v\000a\000r\000i\000a\000n\000t\000:\000\040\000R\000e\000a\000d\000,\000\040\000T\000h\000e\000n\000\040\000I\000n\000s\000e\000r\000t}{subsection.3.3}% 30
\BOOKMARK [3][-]{subsubsection.3.3.2}{\376\377\000T\000h\000e\000\040\000T\000r\000a\000i\000l\000i\000n\000g\000-\000W\000i\000n\000d\000o\000w\000\040\000G\000r\000a\000p\000h}{subsection.3.3}% 31
\BOOKMARK [3][-]{subsubsection.3.3.3}{\376\377\000P\000e\000r\000-\000A\000c\000c\000o\000u\000n\000t\000\040\000L\000a\000p\000p\000i\000n\000g\000\040\000M\000e\000m\000o\000r\000y}{subsection.3.3}% 32
\BOOKMARK [3][-]{subsubsection.3.3.4}{\376\377\000T\000h\000e\000\040\000T\000h\000i\000r\000t\000e\000e\000n\000\040\000T\000o\000p\000o\000l\000o\000g\000y\000\040\000F\000e\000a\000t\000u\000r\000e\000s}{subsection.3.3}% 33
\BOOKMARK [3][-]{subsubsection.3.3.5}{\376\377\000S\000t\000r\000u\000c\000t\000u\000r\000e\000\040\000v\000s\000.\000\040\000A\000m\000o\000u\000n\000t\000:\000\040\000W\000h\000y\000\040\000t\000h\000e\000\040\000S\000p\000l\000i\000t\000\040\000M\000a\000t\000t\000e\000r\000s}{subsection.3.3}% 34
\BOOKMARK [2][-]{subsection.3.4}{\376\377\000M\000o\000d\000e\000l\000i\000n\000g\000\040\000a\000n\000d\000\040\000E\000v\000a\000l\000u\000a\000t\000i\000o\000n\000\040\000P\000r\000o\000t\000o\000c\000o\000l}{section.3}% 35
\BOOKMARK [3][-]{subsubsection.3.4.1}{\376\377\000M\000o\000d\000e\000l\000\040\000f\000a\000m\000i\000l\000y\000:\000\040\000g\000r\000a\000d\000i\000e\000n\000t\000-\000b\000o\000o\000s\000t\000e\000d\000\040\000t\000r\000e\000e\000s\000,\000\040\000h\000i\000s\000t\000o\000g\000r\000a\000m\000\040\000m\000e\000t\000h\000o\000d}{subsection.3.4}% 36
\BOOKMARK [3][-]{subsubsection.3.4.2}{\376\377\000O\000n\000e\000\040\000i\000m\000b\000a\000l\000a\000n\000c\000e\000\040\000m\000e\000c\000h\000a\000n\000i\000s\000m\000,\000\040\000n\000e\000v\000e\000r\000\040\000t\000w\000o}{subsection.3.4}% 37
\BOOKMARK [3][-]{subsubsection.3.4.3}{\376\377\000C\000h\000r\000o\000n\000o\000l\000o\000g\000i\000c\000a\000l\000\040\000s\000p\000l\000i\000t\000t\000i\000n\000g\000,\000\040\000i\000n\000c\000l\000u\000d\000i\000n\000g\000\040\000a\000\040\000p\000a\000r\000t\000i\000t\000i\000o\000n\000-\000a\000w\000a\000r\000e\000\040\000v\000a\000r\000i\000a\000n\000t}{subsection.3.4}% 38
\BOOKMARK [3][-]{subsubsection.3.4.4}{\376\377\000T\000h\000r\000e\000s\000h\000o\000l\000d\000\040\000t\000u\000n\000i\000n\000g\000:\000\040\000f\000r\000o\000z\000e\000n\000\040\000b\000e\000f\000o\000r\000e\000\040\000t\000h\000e\000\040\000t\000e\000s\000t\000\040\000s\000e\000t\000\040\000i\000s\000\040\000t\000o\000u\000c\000h\000e\000d}{subsection.3.4}% 39
\BOOKMARK [3][-]{subsubsection.3.4.5}{\376\377\000P\000r\000i\000m\000a\000r\000y\000\040\000a\000n\000d\000\040\000o\000p\000e\000r\000a\000t\000i\000o\000n\000a\000l\000\040\000m\000e\000t\000r\000i\000c\000s}{subsection.3.4}% 40
\BOOKMARK [3][-]{subsubsection.3.4.6}{\376\377\000A\000t\000t\000r\000i\000b\000u\000t\000i\000o\000n\000:\000\040\000e\000x\000a\000c\000t\000\040\000T\000r\000e\000e\000S\000H\000A\000P\000\040\000i\000n\000\040\000m\000a\000r\000g\000i\000n\000\040\000s\000p\000a\000c\000e}{subsection.3.4}% 41
\BOOKMARK [2][-]{subsection.3.5}{\376\377\000T\000h\000e\000\040\000A\000b\000l\000a\000t\000i\000o\000n\000:\000\040\000E\000x\000p\000e\000r\000i\000m\000e\000n\000t\000a\000l\000\040\000D\000e\000s\000i\000g\000n}{section.3}% 42
\BOOKMARK [3][-]{subsubsection.3.5.1}{\376\377\000T\000h\000e\000\040\000s\000e\000v\000e\000n\000-\000a\000r\000m\000\040\000d\000e\000c\000o\000m\000p\000o\000s\000i\000t\000i\000o\000n}{subsection.3.5}% 43
\BOOKMARK [2][-]{subsection.3.6}{\376\377\000A\000\040\000C\000a\000l\000i\000b\000r\000a\000t\000e\000d\000\040\000S\000y\000n\000t\000h\000e\000t\000i\000c\000\040\000E\000R\000P\000\040\000E\000c\000o\000n\000o\000m\000y\000:\000\040\000G\000e\000n\000e\000r\000a\000t\000o\000r\000\040\000D\000e\000s\000i\000g\000n}{section.3}% 44
\BOOKMARK [3][-]{subsubsection.3.6.1}{\376\377\000D\000e\000s\000i\000g\000n\000\040\000P\000h\000i\000l\000o\000s\000o\000p\000h\000y\000:\000\040\000T\000h\000e\000\040\000C\000i\000r\000c\000u\000l\000a\000r\000i\000t\000y\000\040\000T\000r\000a\000p}{subsection.3.6}% 45
\BOOKMARK [3][-]{subsubsection.3.6.2}{\376\377\000G\000e\000n\000e\000r\000a\000t\000o\000r\000\040\000A\000r\000c\000h\000i\000t\000e\000c\000t\000u\000r\000e\000,\000\040\000S\000c\000a\000l\000e\000,\000\040\000a\000n\000d\000\040\000T\000r\000a\000n\000s\000a\000c\000t\000i\000o\000n\000\040\000C\000o\000m\000p\000o\000s\000i\000t\000i\000o\000n}{subsection.3.6}% 46
\BOOKMARK [3][-]{subsubsection.3.6.3}{\376\377\000F\000i\000v\000e\000\040\000F\000r\000a\000u\000d\000\040\000T\000y\000p\000o\000l\000o\000g\000i\000e\000s\000\040\000a\000s\000\040\000E\000m\000e\000r\000g\000e\000n\000t\000\040\000B\000e\000h\000a\000v\000i\000o\000r}{subsection.3.6}% 47
\BOOKMARK [2][-]{subsection.3.7}{\376\377\000E\000x\000p\000l\000a\000i\000n\000a\000b\000l\000e\000\040\000A\000u\000d\000i\000t\000\040\000A\000l\000e\000r\000t\000s\000:\000\040\000M\000e\000t\000h\000o\000d\000o\000l\000o\000g\000y}{section.3}% 48
\BOOKMARK [3][-]{subsubsection.3.7.1}{\376\377\000L\000a\000y\000e\000r\000\040\0001\000:\000\040\000F\000a\000m\000i\000l\000y\000-\000T\000a\000g\000g\000e\000d\000\040\000T\000r\000e\000e\000S\000H\000A\000P\000\040\000A\000t\000t\000r\000i\000b\000u\000t\000i\000o\000n}{subsection.3.7}% 49
\BOOKMARK [3][-]{subsubsection.3.7.2}{\376\377\000L\000a\000y\000e\000r\000\040\0002\000:\000\040\000R\000e\000p\000l\000a\000y\000-\000V\000e\000r\000i\000f\000i\000e\000d\000\040\000G\000r\000a\000p\000h\000\040\000E\000v\000i\000d\000e\000n\000c\000e}{subsection.3.7}% 50
\BOOKMARK [2][-]{subsection.3.8}{\376\377\000S\000y\000s\000t\000e\000m\000:\000\040\000F\000r\000o\000m\000\040\000R\000e\000s\000e\000a\000r\000c\000h\000\040\000P\000i\000p\000e\000l\000i\000n\000e\000\040\000t\000o\000\040\000P\000r\000o\000d\000u\000c\000t\000i\000o\000n\000\040\000A\000u\000d\000i\000t\000\040\000C\000o\000n\000s\000o\000l\000e}{section.3}% 51
\BOOKMARK [3][-]{subsubsection.3.8.1}{\376\377\000A\000r\000c\000h\000i\000t\000e\000c\000t\000u\000r\000e\000\040\000O\000v\000e\000r\000v\000i\000e\000w}{subsection.3.8}% 52
\BOOKMARK [3][-]{subsubsection.3.8.2}{\376\377\000F\000i\000n\000a\000n\000c\000i\000a\000l\000\040\000I\000n\000t\000e\000g\000r\000i\000t\000y\000\040\000a\000s\000\040\000D\000a\000t\000a\000b\000a\000s\000e\000-\000E\000n\000f\000o\000r\000c\000e\000d\000\040\000I\000n\000v\000a\000r\000i\000a\000n\000t\000s}{subsection.3.8}% 53
\BOOKMARK [1][-]{section.4}{\376\377\000R\000e\000s\000u\000l\000t\000s\000\040\000a\000n\000d\000\040\000A\000n\000a\000l\000y\000s\000i\000s}{}% 54
\BOOKMARK [2][-]{subsection.4.1}{\376\377\000F\000e\000a\000t\000u\000r\000e\000\040\000I\000m\000p\000o\000r\000t\000a\000n\000c\000e\000,\000\040\000a\000n\000d\000\040\000a\000\040\000R\000e\000s\000u\000l\000t\000\040\000W\000e\000\040\000D\000o\000\040\000N\000o\000t\000\040\000B\000u\000r\000y}{section.4}% 55
\BOOKMARK [2][-]{subsection.4.2}{\376\377\000T\000h\000e\000\040\000A\000b\000l\000a\000t\000i\000o\000n\000:\000\040\000R\000e\000s\000u\000l\000t\000s\000\040\000A\000c\000r\000o\000s\000s\000\040\000F\000o\000u\000r\000\040\000D\000a\000t\000a\000s\000e\000t\000s}{section.4}% 56
\BOOKMARK [3][-]{subsubsection.4.2.1}{\376\377\000D\000a\000t\000a\000s\000e\000t\000-\000b\000y\000-\000d\000a\000t\000a\000s\000e\000t\000\040\000v\000e\000r\000d\000i\000c\000t}{subsection.4.2}% 57
\BOOKMARK [3][-]{subsubsection.4.2.2}{\376\377\000S\000t\000a\000t\000i\000s\000t\000i\000c\000a\000l\000\040\000c\000a\000v\000e\000a\000t\000s\000:\000\040\000o\000n\000e\000\040\000s\000e\000e\000d\000,\000\040\000n\000o\000\040\000c\000o\000n\000f\000i\000d\000e\000n\000c\000e\000\040\000i\000n\000t\000e\000r\000v\000a\000l\000s\000,\000\040\000a\000n\000d\000\040\000a\000\040\000s\000t\000a\000t\000e\000d\000\040\000n\000o\000i\000s\000e\000\040\000f\000l\000o\000o\000r}{subsection.4.2}% 58
\BOOKMARK [3][-]{subsubsection.4.2.3}{\376\377\000T\000h\000e\000\040\000c\000y\000c\000l\000e\000-\000f\000e\000a\000t\000u\000r\000e\000\040\000p\000a\000r\000a\000d\000o\000x}{subsection.4.2}% 59
\BOOKMARK [2][-]{subsection.4.3}{\376\377\000M\000o\000d\000e\000r\000n\000i\000z\000a\000t\000i\000o\000n\000:\000\040\000F\000o\000c\000a\000l\000\040\000L\000o\000s\000s\000\040\000a\000n\000d\000\040\000T\000e\000m\000p\000o\000r\000a\000l\000\040\000G\000r\000a\000p\000h\000\040\000N\000e\000t\000w\000o\000r\000k\000s}{section.4}% 60
\BOOKMARK [3][-]{subsubsection.4.3.1}{\376\377\000F\000o\000c\000a\000l\000\040\000l\000o\000s\000s\000\040\000v\000e\000r\000s\000u\000s\000\040\000c\000l\000a\000s\000s\000\040\000w\000e\000i\000g\000h\000t\000s}{subsection.4.3}% 61
\BOOKMARK [3][-]{subsubsection.4.3.2}{\376\377\000T\000e\000m\000p\000o\000r\000a\000l\000\040\000g\000r\000a\000p\000h\000\040\000n\000e\000t\000w\000o\000r\000k\000\040\000e\000m\000b\000e\000d\000d\000i\000n\000g\000s}{subsection.4.3}% 62
\BOOKMARK [3][-]{subsubsection.4.3.3}{\376\377\000I\000m\000p\000l\000i\000c\000a\000t\000i\000o\000n\000\040\000f\000o\000r\000\040\000t\000h\000e\000\040\000p\000r\000o\000d\000u\000c\000t\000i\000o\000n\000\040\000s\000y\000s\000t\000e\000m}{subsection.4.3}% 63
\BOOKMARK [2][-]{subsection.4.4}{\376\377\000S\000y\000n\000t\000h\000e\000t\000i\000c\000\040\000E\000c\000o\000n\000o\000m\000y\000:\000\040\000R\000e\000a\000l\000i\000s\000m\000\040\000a\000n\000d\000\040\000A\000u\000g\000m\000e\000n\000t\000a\000t\000i\000o\000n\000\040\000R\000e\000s\000u\000l\000t\000s}{section.4}% 64
\BOOKMARK [3][-]{subsubsection.4.4.1}{\376\377\000A\000d\000v\000e\000r\000s\000a\000r\000i\000a\000l\000\040\000T\000a\000b\000u\000l\000a\000r\000-\000L\000e\000a\000k\000\040\000P\000r\000o\000b\000e}{subsection.4.4}% 65
\BOOKMARK [3][-]{subsubsection.4.4.2}{\376\377\000T\000h\000e\000\040\000A\000u\000g\000m\000e\000n\000t\000a\000t\000i\000o\000n\000\040\000T\000r\000a\000n\000s\000f\000e\000r\000\040\000P\000r\000o\000b\000e}{subsection.4.4}% 66
\BOOKMARK [3][-]{subsubsection.4.4.3}{\376\377\000S\000u\000m\000m\000a\000r\000y\000\040\000a\000n\000d\000\040\000S\000c\000o\000p\000e}{subsection.4.4}% 67
\BOOKMARK [2][-]{subsection.4.5}{\376\377\000E\000x\000p\000l\000a\000i\000n\000a\000b\000l\000e\000\040\000A\000u\000d\000i\000t\000\040\000A\000l\000e\000r\000t\000s\000:\000\040\000R\000e\000s\000u\000l\000t\000s}{section.4}% 68
\BOOKMARK [3][-]{subsubsection.4.5.1}{\376\377\000G\000l\000o\000b\000a\000l\000\040\000A\000t\000t\000r\000i\000b\000u\000t\000i\000o\000n\000\040\000I\000s\000\040\000D\000a\000t\000a\000s\000e\000t\000-\000S\000p\000e\000c\000i\000f\000i\000c\000,\000\040\000N\000o\000t\000\040\000U\000n\000i\000v\000e\000r\000s\000a\000l}{subsection.4.5}% 69
\BOOKMARK [2][-]{subsection.4.6}{\376\377\000T\000h\000e\000\040\000O\000n\000l\000i\000n\000e\000/\000O\000f\000f\000l\000i\000n\000e\000\040\000S\000e\000r\000v\000i\000n\000g\000\040\000G\000a\000p}{section.4}% 70
\BOOKMARK [2][-]{subsection.4.7}{\376\377\000M\000e\000a\000s\000u\000r\000e\000d\000\040\000P\000e\000r\000f\000o\000r\000m\000a\000n\000c\000e\000,\000\040\000C\000o\000n\000c\000u\000r\000r\000e\000n\000c\000y\000,\000\040\000a\000n\000d\000\040\000R\000e\000c\000o\000v\000e\000r\000y}{section.4}% 71
\BOOKMARK [2][-]{subsection.4.8}{\376\377\000D\000i\000s\000c\000u\000s\000s\000i\000o\000n\000:\000\040\000T\000h\000r\000e\000a\000t\000s\000\040\000t\000o\000\040\000V\000a\000l\000i\000d\000i\000t\000y\000\040\000a\000n\000d\000\040\000L\000i\000m\000i\000t\000a\000t\000i\000o\000n\000s}{section.4}% 72
\BOOKMARK [3][-]{subsubsection.4.8.1}{\376\377\000S\000t\000a\000t\000i\000s\000t\000i\000c\000a\000l\000\040\000p\000o\000w\000e\000r\000:\000\040\000o\000n\000e\000\040\000s\000e\000e\000d\000\040\000i\000s\000\040\000n\000o\000t\000\040\000a\000n\000\040\000e\000s\000t\000i\000m\000a\000t\000e}{subsection.4.8}% 73
\BOOKMARK [3][-]{subsubsection.4.8.2}{\376\377\000T\000w\000o\000\040\000d\000i\000s\000c\000l\000o\000s\000e\000d\000\040\000n\000o\000n\000-\000r\000e\000p\000r\000o\000d\000u\000c\000i\000b\000i\000l\000i\000t\000i\000e\000s}{subsection.4.8}% 74
\BOOKMARK [3][-]{subsubsection.4.8.3}{\376\377\000S\000y\000n\000t\000h\000e\000t\000i\000c\000\040\000d\000a\000t\000a\000:\000\040\000b\000a\000r\000r\000e\000d\000\040\000a\000s\000\040\000e\000v\000i\000d\000e\000n\000c\000e\000,\000\040\000a\000n\000d\000\040\000m\000e\000a\000s\000u\000r\000a\000b\000l\000y\000\040\000h\000a\000r\000m\000f\000u\000l\000\040\000a\000s\000\040\000a\000u\000g\000m\000e\000n\000t\000a\000t\000i\000o\000n}{subsection.4.8}% 75
\BOOKMARK [3][-]{subsubsection.4.8.4}{\376\377\000T\000h\000e\000\040\000d\000e\000p\000l\000o\000y\000e\000d\000\040\000m\000o\000d\000e\000l\000\040\000i\000s\000\040\000n\000o\000t\000\040\000t\000h\000e\000\040\000e\000v\000a\000l\000u\000a\000t\000e\000d\000\040\000c\000h\000a\000m\000p\000i\000o\000n}{subsection.4.8}% 76
\BOOKMARK [3][-]{subsubsection.4.8.5}{\376\377\000S\000y\000s\000t\000e\000m\000\040\000s\000c\000o\000p\000e\000:\000\040\000a\000c\000c\000e\000s\000s\000\040\000c\000o\000n\000t\000r\000o\000l\000\040\000a\000n\000d\000\040\000d\000e\000p\000l\000o\000y\000m\000e\000n\000t\000\040\000b\000r\000e\000a\000d\000t\000h}{subsection.4.8}% 77
\BOOKMARK [1][-]{section.5}{\376\377\000C\000o\000n\000c\000l\000u\000s\000i\000o\000n}{}% 78
\BOOKMARK [2][-]{subsection.5.1}{\376\377\000T\000h\000e\000\040\000c\000l\000a\000i\000m\000\040\000t\000h\000i\000s\000\040\000p\000a\000p\000e\000r\000\040\000a\000c\000t\000u\000a\000l\000l\000y\000\040\000s\000u\000p\000p\000o\000r\000t\000s}{section.5}% 79
\BOOKMARK [2][-]{subsection.5.2}{\376\377\000A\000\040\000s\000e\000c\000o\000n\000d\000,\000\040\000i\000n\000d\000e\000p\000e\000n\000d\000e\000n\000t\000\040\000c\000o\000n\000t\000r\000i\000b\000u\000t\000i\000o\000n\000:\000\040\000p\000r\000o\000d\000u\000c\000t\000i\000o\000n\000\040\000e\000n\000g\000i\000n\000e\000e\000r\000i\000n\000g}{section.5}% 80
\BOOKMARK [2][-]{subsection.5.3}{\376\377\000F\000u\000t\000u\000r\000e\000\040\000w\000o\000r\000k}{section.5}% 81
\BOOKMARK [1][-]{section*.29}{\376\377\000R\000e\000f\000e\000r\000e\000n\000c\000e\000s}{}% 82
