This is pdfTeX, Version 3.141592653-2.6-1.40.28 (MiKTeX 25.12) (preloaded format=pdflatex 2026.9.12)  15 SEP 2026 23:40
entering extended mode
 restricted \write18 enabled.
 %&-line parsing enabled.
**./main.tex
(main.tex
LaTeX2e <2025-11-01>
L3 programming layer <2025-12-24>
(C:\Users\akifm\AppData\Local\Programs\MiKTeX\tex/latex/ieeetran\IEEEtran.cls
Document Class: IEEEtran 2015/08/26 V1.8b by Michael Shell
-- See the "IEEEtran_HOWTO" manual for usage information.
-- http://www.michaelshell.org/tex/ieeetran/
\@IEEEtrantmpdimenA=\dimen148
\@IEEEtrantmpdimenB=\dimen149
\@IEEEtrantmpdimenC=\dimen150
\@IEEEtrantmpcountA=\count275
\@IEEEtrantmpcountB=\count276
\@IEEEtrantmpcountC=\count277
\@IEEEtrantmptoksA=\toks17
LaTeX Font Info:    Trying to load font information for OT1+ptm on input line 5
03.
(C:\Users\akifm\AppData\Local\Programs\MiKTeX\tex/latex/psnfss\ot1ptm.fd
File: ot1ptm.fd 2001/06/04 font definitions for OT1/ptm.
)
-- Using 8.5in x 11in (letter) paper.
-- Using PDF output.
\@IEEEnormalsizeunitybaselineskip=\dimen151
-- This is a 10 point document.
LaTeX Encoding Info:    Redeclaring text command \textunderscore (encoding ?) o
n input line 937.
\CLASSINFOnormalsizebaselineskip=\dimen152
\CLASSINFOnormalsizeunitybaselineskip=\dimen153
\IEEEnormaljot=\dimen154
LaTeX Font Info:    Font shape `OT1/ptm/bx/n' in size <5> not available
(Font)              Font shape `OT1/ptm/b/n' tried instead on input line 1090.
LaTeX Font Info:    Font shape `OT1/ptm/bx/it' in size <5> not available
(Font)              Font shape `OT1/ptm/b/it' tried instead on input line 1090.

LaTeX Font Info:    Font shape `OT1/ptm/bx/n' in size <7> not available
(Font)              Font shape `OT1/ptm/b/n' tried instead on input line 1090.
LaTeX Font Info:    Font shape `OT1/ptm/bx/it' in size <7> not available
(Font)              Font shape `OT1/ptm/b/it' tried instead on input line 1090.

LaTeX Font Info:    Font shape `OT1/ptm/bx/n' in size <8> not available
(Font)              Font shape `OT1/ptm/b/n' tried instead on input line 1090.
LaTeX Font Info:    Font shape `OT1/ptm/bx/it' in size <8> not available
(Font)              Font shape `OT1/ptm/b/it' tried instead on input line 1090.

LaTeX Font Info:    Font shape `OT1/ptm/bx/n' in size <9> not available
(Font)              Font shape `OT1/ptm/b/n' tried instead on input line 1090.
LaTeX Font Info:    Font shape `OT1/ptm/bx/it' in size <9> not available
(Font)              Font shape `OT1/ptm/b/it' tried instead on input line 1090.

LaTeX Font Info:    Font shape `OT1/ptm/bx/n' in size <10> not available
(Font)              Font shape `OT1/ptm/b/n' tried instead on input line 1090.
LaTeX Font Info:    Font shape `OT1/ptm/bx/it' in size <10> not available
(Font)              Font shape `OT1/ptm/b/it' tried instead on input line 1090.

LaTeX Font Info:    Font shape `OT1/ptm/bx/n' in size <11> not available
(Font)              Font shape `OT1/ptm/b/n' tried instead on input line 1090.
LaTeX Font Info:    Font shape `OT1/ptm/bx/it' in size <11> not available
(Font)              Font shape `OT1/ptm/b/it' tried instead on input line 1090.

LaTeX Font Info:    Font shape `OT1/ptm/bx/n' in size <12> not available
(Font)              Font shape `OT1/ptm/b/n' tried instead on input line 1090.
LaTeX Font Info:    Font shape `OT1/ptm/bx/it' in size <12> not available
(Font)              Font shape `OT1/ptm/b/it' tried instead on input line 1090.

LaTeX Font Info:    Font shape `OT1/ptm/bx/n' in size <17> not available
(Font)              Font shape `OT1/ptm/b/n' tried instead on input line 1090.
LaTeX Font Info:    Font shape `OT1/ptm/bx/it' in size <17> not available
(Font)              Font shape `OT1/ptm/b/it' tried instead on input line 1090.

LaTeX Font Info:    Font shape `OT1/ptm/bx/n' in size <20> not available
(Font)              Font shape `OT1/ptm/b/n' tried instead on input line 1090.
LaTeX Font Info:    Font shape `OT1/ptm/bx/it' in size <20> not available
(Font)              Font shape `OT1/ptm/b/it' tried instead on input line 1090.

LaTeX Font Info:    Font shape `OT1/ptm/bx/n' in size <24> not available
(Font)              Font shape `OT1/ptm/b/n' tried instead on input line 1090.
LaTeX Font Info:    Font shape `OT1/ptm/bx/it' in size <24> not available
(Font)              Font shape `OT1/ptm/b/it' tried instead on input line 1090.

\IEEEquantizedlength=\dimen155
\IEEEquantizedlengthdiff=\dimen156
\IEEEquantizedtextheightdiff=\dimen157
\IEEEilabelindentA=\dimen158
\IEEEilabelindentB=\dimen159
\IEEEilabelindent=\dimen160
\IEEEelabelindent=\dimen161
\IEEEdlabelindent=\dimen162
\IEEElabelindent=\dimen163
\IEEEiednormlabelsep=\dimen164
\IEEEiedmathlabelsep=\dimen165
\IEEEiedtopsep=\skip49
\c@section=\count278
\c@subsection=\count279
\c@subsubsection=\count280
\c@paragraph=\count281
\c@IEEEsubequation=\count282
\abovecaptionskip=\skip50
\belowcaptionskip=\skip51
\c@figure=\count283
\c@table=\count284
\@IEEEeqnnumcols=\count285
\@IEEEeqncolcnt=\count286
\@IEEEsubeqnnumrollback=\count287
\@IEEEquantizeheightA=\dimen166
\@IEEEquantizeheightB=\dimen167
\@IEEEquantizeheightC=\dimen168
\@IEEEquantizeprevdepth=\dimen169
\@IEEEquantizemultiple=\count288
\@IEEEquantizeboxA=\box53
\@IEEEtmpitemindent=\dimen170
\IEEEPARstartletwidth=\dimen171
\c@IEEEbiography=\count289
\@IEEEtranrubishbin=\box54
) (C:\Users\akifm\AppData\Local\Programs\MiKTeX\tex/latex/amsmath\amsmath.sty
Package: amsmath 2025/07/09 v2.17z AMS math features
\@mathmargin=\skip52

For additional information on amsmath, use the `?' option.
(C:\Users\akifm\AppData\Local\Programs\MiKTeX\tex/latex/amsmath\amstext.sty
Package: amstext 2024/11/17 v2.01 AMS text

(C:\Users\akifm\AppData\Local\Programs\MiKTeX\tex/latex/amsmath\amsgen.sty
File: amsgen.sty 1999/11/30 v2.0 generic functions
\@emptytoks=\toks18
\ex@=\dimen172
))
(C:\Users\akifm\AppData\Local\Programs\MiKTeX\tex/latex/amsmath\amsbsy.sty
Package: amsbsy 1999/11/29 v1.2d Bold Symbols
\pmbraise@=\dimen173
)
(C:\Users\akifm\AppData\Local\Programs\MiKTeX\tex/latex/amsmath\amsopn.sty
Package: amsopn 2022/04/08 v2.04 operator names
)
\inf@bad=\count290
LaTeX Info: Redefining \frac on input line 233.
\uproot@=\count291
\leftroot@=\count292
LaTeX Info: Redefining \overline on input line 398.
LaTeX Info: Redefining \colon on input line 409.
\classnum@=\count293
\DOTSCASE@=\count294
LaTeX Info: Redefining \ldots on input line 495.
LaTeX Info: Redefining \dots on input line 498.
LaTeX Info: Redefining \cdots on input line 619.
\Mathstrutbox@=\box55
\strutbox@=\box56
LaTeX Info: Redefining \big on input line 721.
LaTeX Info: Redefining \Big on input line 722.
LaTeX Info: Redefining \bigg on input line 723.
LaTeX Info: Redefining \Bigg on input line 724.
\big@size=\dimen174
LaTeX Font Info:    Redeclaring font encoding OML on input line 742.
LaTeX Font Info:    Redeclaring font encoding OMS on input line 743.
\macc@depth=\count295
LaTeX Info: Redefining \bmod on input line 904.
LaTeX Info: Redefining \pmod on input line 909.
LaTeX Info: Redefining \smash on input line 939.
LaTeX Info: Redefining \relbar on input line 969.
LaTeX Info: Redefining \Relbar on input line 970.
\c@MaxMatrixCols=\count296
\dotsspace@=\muskip17
\c@parentequation=\count297
\dspbrk@lvl=\count298
\tag@help=\toks19
\row@=\count299
\column@=\count300
\maxfields@=\count301
\andhelp@=\toks20
\eqnshift@=\dimen175
\alignsep@=\dimen176
\tagshift@=\dimen177
\tagwidth@=\dimen178
\totwidth@=\dimen179
\lineht@=\dimen180
\@envbody=\toks21
\multlinegap=\skip53
\multlinetaggap=\skip54
\mathdisplay@stack=\toks22
LaTeX Info: Redefining \[ on input line 2950.
LaTeX Info: Redefining \] on input line 2951.
)
(C:\Users\akifm\AppData\Local\Programs\MiKTeX\tex/latex/amsfonts\amssymb.sty
Package: amssymb 2013/01/14 v3.01 AMS font symbols

(C:\Users\akifm\AppData\Local\Programs\MiKTeX\tex/latex/amsfonts\amsfonts.sty
Package: amsfonts 2013/01/14 v3.01 Basic AMSFonts support
\symAMSa=\mathgroup4
\symAMSb=\mathgroup5
LaTeX Font Info:    Redeclaring math symbol \hbar on input line 98.
LaTeX Font Info:    Overwriting math alphabet `\mathfrak' in version `bold'
(Font)                  U/euf/m/n --> U/euf/b/n on input line 106.
)) (C:\Users\akifm\AppData\Local\Programs\MiKTeX\tex/latex/graphics\graphicx.st
y
Package: graphicx 2024/12/31 v1.2e Enhanced LaTeX Graphics (DPC,SPQR)

(C:\Users\akifm\AppData\Local\Programs\MiKTeX\tex/latex/graphics\keyval.sty
Package: keyval 2022/05/29 v1.15 key=value parser (DPC)
\KV@toks@=\toks23
)
(C:\Users\akifm\AppData\Local\Programs\MiKTeX\tex/latex/graphics\graphics.sty
Package: graphics 2024/08/06 v1.4g Standard LaTeX Graphics (DPC,SPQR)

(C:\Users\akifm\AppData\Local\Programs\MiKTeX\tex/latex/graphics\trig.sty
Package: trig 2023/12/02 v1.11 sin cos tan (DPC)
)
(C:\Users\akifm\AppData\Local\Programs\MiKTeX\tex/latex/graphics-cfg\graphics.c
fg
File: graphics.cfg 2016/06/04 v1.11 sample graphics configuration
)
Package graphics Info: Driver file: pdftex.def on input line 106.

(C:\Users\akifm\AppData\Local\Programs\MiKTeX\tex/latex/graphics-def\pdftex.def
File: pdftex.def 2025/09/29 v1.2d Graphics/color driver for pdftex
))
\Gin@req@height=\dimen181
\Gin@req@width=\dimen182
)
(C:\Users\akifm\AppData\Local\Programs\MiKTeX\tex/latex/booktabs\booktabs.sty
Package: booktabs 2020/01/12 v1.61803398 Publication quality tables
\heavyrulewidth=\dimen183
\lightrulewidth=\dimen184
\cmidrulewidth=\dimen185
\belowrulesep=\dimen186
\belowbottomsep=\dimen187
\aboverulesep=\dimen188
\abovetopsep=\dimen189
\cmidrulesep=\dimen190
\cmidrulekern=\dimen191
\defaultaddspace=\dimen192
\@cmidla=\count302
\@cmidlb=\count303
\@aboverulesep=\dimen193
\@belowrulesep=\dimen194
\@thisruleclass=\count304
\@lastruleclass=\count305
\@thisrulewidth=\dimen195
)
(C:\Users\akifm\AppData\Local\Programs\MiKTeX\tex/latex/multirow\multirow.sty
Package: multirow 2024/11/12 v2.9 Span multiple rows of a table
\multirow@colwidth=\skip55
\multirow@cntb=\count306
\multirow@dima=\skip56
\bigstrutjot=\dimen196
)
(C:\Users\akifm\AppData\Local\Programs\MiKTeX\tex/latex/tools\array.sty
Package: array 2025/09/25 v2.6n Tabular extension package (FMi)
\col@sep=\dimen197
\ar@mcellbox=\box57
\extrarowheight=\dimen198
\NC@list=\toks24
\extratabsurround=\skip57
\backup@length=\skip58
\ar@cellbox=\box58
)
(C:\Users\akifm\AppData\Local\Programs\MiKTeX\tex/latex/siunitx\siunitx.sty
Package: siunitx 2026-09-08 v3.5.12 A comprehensive (SI) units package
\l__siunitx_number_uncert_offset_int=\count307
\l__siunitx_number_exponent_fixed_int=\count308
\l__siunitx_number_min_decimal_int=\count309
\l__siunitx_number_min_integer_int=\count310
\l__siunitx_number_round_precision_int=\count311
\l__siunitx_number_lower_threshold_int=\count312
\l__siunitx_number_upper_threshold_int=\count313
\l__siunitx_number_group_first_int=\count314
\l__siunitx_number_group_size_int=\count315
\l__siunitx_number_group_min_int=\count316
\l__siunitx_number_group_minimum_int=\count317
\l__siunitx_compound_count_int=\count318

(C:\Users\akifm\AppData\Local\Programs\MiKTeX\tex/latex/translations\translatio
ns.sty
Package: translations 2022/02/05 v1.12 internationalization of LaTeX2e packages
 (CN)

(C:\Users\akifm\AppData\Local\Programs\MiKTeX\tex/latex/etoolbox\etoolbox.sty
Package: etoolbox 2025/10/02 v2.5m e-TeX tools for LaTeX (JAW)
\etb@tempcnta=\count319
)
(C:\Users\akifm\AppData\Local\Programs\MiKTeX\tex/generic/pdftexcmds\pdftexcmds
.sty
Package: pdftexcmds 2020-06-27 v0.33 Utility functions of pdfTeX for LuaTeX (HO
)

(C:\Users\akifm\AppData\Local\Programs\MiKTeX\tex/generic/infwarerr\infwarerr.s
ty
Package: infwarerr 2019/12/03 v1.5 Providing info/warning/error messages (HO)
) (C:\Users\akifm\AppData\Local\Programs\MiKTeX\tex/generic/iftex\iftex.sty
Package: iftex 2024/12/12 v1.0g TeX engine tests
)
(C:\Users\akifm\AppData\Local\Programs\MiKTeX\tex/generic/ltxcmds\ltxcmds.sty
Package: ltxcmds 2023-12-04 v1.26 LaTeX kernel commands for general use (HO)
)
Package pdftexcmds Info: \pdf@primitive is available.
Package pdftexcmds Info: \pdf@ifprimitive is available.
Package pdftexcmds Info: \pdfdraftmode found.
))
\l__siunitx_table_tmp_box=\box59
\l__siunitx_table_tmp_dim=\dimen199
\l__siunitx_table_column_width_dim=\dimen256
\l__siunitx_table_integer_box=\box60
\l__siunitx_table_decimal_box=\box61
\l__siunitx_table_uncert_box=\box62
\l__siunitx_table_before_box=\box63
\l__siunitx_table_after_box=\box64
\l__siunitx_table_before_dim=\dimen257
\l__siunitx_table_carry_dim=\dimen258
\l__siunitx_unit_tmp_int=\count320
\l__siunitx_unit_position_int=\count321
\l__siunitx_unit_total_int=\count322
\l__siunitx_sexagesimal_tmp_dim=\dimen259
\l__siunitx_sexagesimal_marker_box=\box65
\l__siunitx_sexagesimal_unit_box=\box66
)
(C:\Users\akifm\AppData\Local\Programs\MiKTeX\tex/latex/hyperref\hyperref.sty
Package: hyperref 2025-07-12 v7.01o Hypertext links for LaTeX

(C:\Users\akifm\AppData\Local\Programs\MiKTeX\tex/latex/kvsetkeys\kvsetkeys.sty
Package: kvsetkeys 2022-10-05 v1.19 Key value parser (HO)
)
(C:\Users\akifm\AppData\Local\Programs\MiKTeX\tex/generic/kvdefinekeys\kvdefine
keys.sty
Package: kvdefinekeys 2019-12-19 v1.6 Define keys (HO)
)
(C:\Users\akifm\AppData\Local\Programs\MiKTeX\tex/generic/pdfescape\pdfescape.s
ty
Package: pdfescape 2019/12/09 v1.15 Implements pdfTeX's escape features (HO)
) (C:\Users\akifm\AppData\Local\Programs\MiKTeX\tex/latex/hycolor\hycolor.sty
Package: hycolor 2020-01-27 v1.10 Color options for hyperref/bookmark (HO)
) (C:\Users\akifm\AppData\Local\Programs\MiKTeX\tex/latex/hyperref\nameref.sty
Package: nameref 2025-06-21 v2.57 Cross-referencing by name of section

(C:\Users\akifm\AppData\Local\Programs\MiKTeX\tex/latex/refcount\refcount.sty
Package: refcount 2019/12/15 v3.6 Data extraction from label references (HO)
)
(C:\Users\akifm\AppData\Local\Programs\MiKTeX\tex/generic/gettitlestring\gettit
lestring.sty
Package: gettitlestring 2019/12/15 v1.6 Cleanup title references (HO)

(C:\Users\akifm\AppData\Local\Programs\MiKTeX\tex/latex/kvoptions\kvoptions.sty
Package: kvoptions 2022-06-15 v3.15 Key value format for package options (HO)
))
\c@section@level=\count323
)
(C:\Users\akifm\AppData\Local\Programs\MiKTeX\tex/generic/stringenc\stringenc.s
ty
Package: stringenc 2019/11/29 v1.12 Convert strings between diff. encodings (HO
)
)
\@linkdim=\dimen260
\Hy@linkcounter=\count324
\Hy@pagecounter=\count325
 (C:\Users\akifm\AppData\Local\Programs\MiKTeX\tex/latex/hyperref\pd1enc.def
File: pd1enc.def 2025-07-12 v7.01o Hyperref: PDFDocEncoding definition (HO)
Now handling font encoding PD1 ...
... no UTF-8 mapping file for font encoding PD1
) (C:\Users\akifm\AppData\Local\Programs\MiKTeX\tex/generic/intcalc\intcalc.sty
Package: intcalc 2019/12/15 v1.3 Expandable calculations with integers (HO)
)
\Hy@SavedSpaceFactor=\count326
 (C:\Users\akifm\AppData\Local\Programs\MiKTeX\tex/latex/hyperref\puenc.def
File: puenc.def 2025-07-12 v7.01o Hyperref: PDF Unicode definition (HO)
Now handling font encoding PU ...
... no UTF-8 mapping file for font encoding PU
)
Package hyperref Info: Hyper figures OFF on input line 4195.
Package hyperref Info: Link nesting OFF on input line 4200.
Package hyperref Info: Hyper index ON on input line 4203.
Package hyperref Info: Plain pages OFF on input line 4210.
Package hyperref Info: Backreferencing OFF on input line 4215.
Package hyperref Info: Implicit mode ON; LaTeX internals redefined.
Package hyperref Info: Bookmarks ON on input line 4462.
\c@Hy@tempcnt=\count327

(C:\Users\akifm\AppData\Local\Programs\MiKTeX\tex/latex/url\url.sty
\Urlmuskip=\muskip18
Package: url 2013/09/16  ver 3.4  Verb mode for urls, etc.
)
LaTeX Info: Redefining \url on input line 4801.
\XeTeXLinkMargin=\dimen261

(C:\Users\akifm\AppData\Local\Programs\MiKTeX\tex/generic/bitset\bitset.sty
Package: bitset 2019/12/09 v1.3 Handle bit-vector datatype (HO)

(C:\Users\akifm\AppData\Local\Programs\MiKTeX\tex/generic/bigintcalc\bigintcalc
.sty
Package: bigintcalc 2019/12/15 v1.5 Expandable calculations on big integers (HO
)
))
\Fld@menulength=\count328
\Field@Width=\dimen262
\Fld@charsize=\dimen263
Package hyperref Info: Hyper figures OFF on input line 6078.
Package hyperref Info: Link nesting OFF on input line 6083.
Package hyperref Info: Hyper index ON on input line 6086.
Package hyperref Info: backreferencing OFF on input line 6093.
Package hyperref Info: Link coloring OFF on input line 6098.
Package hyperref Info: Link coloring with OCG OFF on input line 6103.
Package hyperref Info: PDF/A mode OFF on input line 6108.
\Hy@abspage=\count329
\c@Item=\count330
\c@Hfootnote=\count331
)
Package hyperref Info: Driver (autodetected): hpdftex.

(C:\Users\akifm\AppData\Local\Programs\MiKTeX\tex/latex/hyperref\hpdftex.def
File: hpdftex.def 2025-07-12 v7.01o Hyperref driver for pdfTeX
\Fld@listcount=\count332
\c@bookmark@seq@number=\count333

(C:\Users\akifm\AppData\Local\Programs\MiKTeX\tex/latex/rerunfilecheck\rerunfil
echeck.sty
Package: rerunfilecheck 2025-06-21 v1.11 Rerun checks for auxiliary files (HO)

(C:\Users\akifm\AppData\Local\Programs\MiKTeX\tex/generic/uniquecounter\uniquec
ounter.sty
Package: uniquecounter 2019/12/15 v1.4 Provide unlimited unique counter (HO)
)
Package uniquecounter Info: New unique counter `rerunfilecheck' on input line 2
84.
)
\Hy@SectionHShift=\skip59
)
(C:\Users\akifm\AppData\Local\Programs\MiKTeX\tex/latex/cite\cite.sty
LaTeX Info: Redefining \cite on input line 302.
LaTeX Info: Redefining \nocite on input line 332.
Package: cite 2015/02/27  v 5.5
)
(C:\Users\akifm\AppData\Local\Programs\MiKTeX\tex/latex/xcolor\xcolor.sty
Package: xcolor 2024/09/29 v3.02 LaTeX color extensions (UK)

(C:\Users\akifm\AppData\Local\Programs\MiKTeX\tex/latex/graphics-cfg\color.cfg
File: color.cfg 2016/01/02 v1.6 sample color configuration
)
Package xcolor Info: Driver file: pdftex.def on input line 274.
(C:\Users\akifm\AppData\Local\Programs\MiKTeX\tex/latex/graphics\mathcolor.ltx)
Package xcolor Info: Model `cmy' substituted by `cmy0' on input line 1349.
Package xcolor Info: Model `hsb' substituted by `rgb' on input line 1353.
Package xcolor Info: Model `RGB' extended on input line 1365.
Package xcolor Info: Model `HTML' substituted by `rgb' on input line 1367.
Package xcolor Info: Model `Hsb' substituted by `hsb' on input line 1368.
Package xcolor Info: Model `tHsb' substituted by `hsb' on input line 1369.
Package xcolor Info: Model `HSB' substituted by `hsb' on input line 1370.
Package xcolor Info: Model `Gray' substituted by `gray' on input line 1371.
Package xcolor Info: Model `wave' substituted by `hsb' on input line 1372.
)
(C:\Users\akifm\AppData\Local\Programs\MiKTeX\tex/latex/caption\subcaption.sty
Package: subcaption 2023/07/28 v1.6b Sub-captions (AR)

(C:\Users\akifm\AppData\Local\Programs\MiKTeX\tex/latex/caption\caption.sty
Package: caption 2023/08/05 v3.6o Customizing captions (AR)

(C:\Users\akifm\AppData\Local\Programs\MiKTeX\tex/latex/caption\caption3.sty
Package: caption3 2023/07/31 v2.4d caption3 kernel (AR)
\caption@tempdima=\dimen264
\captionmargin=\dimen265
\caption@leftmargin=\dimen266
\caption@rightmargin=\dimen267
\caption@width=\dimen268
\caption@indent=\dimen269
\caption@parindent=\dimen270
\caption@hangindent=\dimen271
Package caption Info: Unknown document class (or package),
(caption)             standard defaults will be used.
Package caption Info: \@makecaption = \long macro:#1#2->\ifx \@captype \@IEEEta
blestring \footnotesize \bgroup \par \centering \@IEEEtabletopskipstrut {\norma
lfont \footnotesize #1}\\{\normalfont \footnotesize \scshape #2}\par \addvspace
 {0.5\baselineskip }\egroup \@IEEEtablecaptionsepspace \else \@IEEEfigurecaptio
nsepspace \setbox \@tempboxa \hbox {\normalfont \footnotesize {#1.}\nobreakspac
e \nobreakspace #2}\ifdim \wd \@tempboxa >\hsize \setbox \@tempboxa \hbox {\nor
malfont \footnotesize {#1.}\nobreakspace \nobreakspace }\parbox [t]{\hsize }{\n
ormalfont \footnotesize \noindent \unhbox \@tempboxa #2}\else \ifCLASSOPTIONcon
ference \hbox to\hsize {\normalfont \footnotesize \hfil \box \@tempboxa \hfil }
\else \hbox to\hsize {\normalfont \footnotesize \box \@tempboxa \hfil }\fi \fi 
\fi  on input line 1175.
)

Package caption Warning: Unknown document class (or package),
(caption)                standard defaults will be used.
See the caption package documentation for explanation.

\c@caption@flags=\count334
\c@continuedfloat=\count335
Package caption Info: hyperref package is loaded.
)
Package caption Info: New subtype `subfigure' on input line 238.
\c@subfigure=\count336
Package caption Info: New subtype `subtable' on input line 238.
\c@subtable=\count337
)
Package translations Info: No language package found. I am going to use `englis
h' as default language. on input line 16.

(C:\Users\akifm\AppData\Local\Programs\MiKTeX\tex/latex/l3backend\l3backend-pdf
tex.def
File: l3backend-pdftex.def 2025-10-09 L3 backend support: PDF output (pdfTeX)
\l__color_backend_stack_int=\count338
) (main.aux)
\openout1 = `main.aux'.

LaTeX Font Info:    Checking defaults for OML/cmm/m/it on input line 16.
LaTeX Font Info:    ... okay on input line 16.
LaTeX Font Info:    Checking defaults for OMS/cmsy/m/n on input line 16.
LaTeX Font Info:    ... okay on input line 16.
LaTeX Font Info:    Checking defaults for OT1/cmr/m/n on input line 16.
LaTeX Font Info:    ... okay on input line 16.
LaTeX Font Info:    Checking defaults for T1/cmr/m/n on input line 16.
LaTeX Font Info:    ... okay on input line 16.
LaTeX Font Info:    Checking defaults for TS1/cmr/m/n on input line 16.
LaTeX Font Info:    ... okay on input line 16.
LaTeX Font Info:    Checking defaults for OMX/cmex/m/n on input line 16.
LaTeX Font Info:    ... okay on input line 16.
LaTeX Font Info:    Checking defaults for U/cmr/m/n on input line 16.
LaTeX Font Info:    ... okay on input line 16.
LaTeX Font Info:    Checking defaults for PD1/pdf/m/n on input line 16.
LaTeX Font Info:    ... okay on input line 16.
LaTeX Font Info:    Checking defaults for PU/pdf/m/n on input line 16.
LaTeX Font Info:    ... okay on input line 16.

-- Lines per column: 58 (exact).

(C:\Users\akifm\AppData\Local\Programs\MiKTeX\tex/context/base/mkii\supp-pdf.mk
ii
[Loading MPS to PDF converter (version 2006.09.02).]
\scratchcounter=\count339
\scratchdimen=\dimen272
\scratchbox=\box67
\nofMPsegments=\count340
\nofMParguments=\count341
\everyMPshowfont=\toks25
\MPscratchCnt=\count342
\MPscratchDim=\dimen273
\MPnumerator=\count343
\makeMPintoPDFobject=\count344
\everyMPtoPDFconversion=\toks26
)
(C:\Users\akifm\AppData\Local\Programs\MiKTeX\tex/latex/epstopdf-pkg\epstopdf-b
ase.sty
Package: epstopdf-base 2020-01-24 v2.11 Base part for package epstopdf
Package epstopdf-base Info: Redefining graphics rule for `.eps' on input line 4
85.

(C:\Users\akifm\AppData\Local\Programs\MiKTeX\tex/latex/00miktex\epstopdf-sys.c
fg
File: epstopdf-sys.cfg 2021/03/18 v2.0 Configuration of epstopdf for MiKTeX
))
(C:\Users\akifm\AppData\Local\Programs\MiKTeX\tex/latex/translations/dicts\tran
slations-basic-dictionary-english.trsl
File: translations-basic-dictionary-english.trsl (english translation file `tra
nslations-basic-dictionary')
)
Package translations Info: loading dictionary `translations-basic-dictionary' f
or `english'. on input line 16.
Package hyperref Info: Link coloring OFF on input line 16.
 (main.out) (main.out)
\@outlinefile=\write3
\openout3 = `main.out'.

Package caption Info: Begin \AtBeginDocument code.
Package caption Info: End \AtBeginDocument code.

Underfull \hbox (badness 1502) in paragraph at lines 31--59
[]\OT1/ptm/b/it/9 Abstract\OT1/ptm/b/n/9 ---Graph-based fraud de-tec-tion meth-
ods are fre-
 []

(sections/01_intro_related.tex [1{C:/Users/akifm/AppData/Local/MiKTeX/fonts/map
/pdftex/pdftex.map}{C:/Users/akifm/AppData/Local/Programs/MiKTeX/fonts/enc/dvip
s/base/8r.enc}


]
LaTeX Font Info:    Trying to load font information for U+msa on input line 83.


(C:\Users\akifm\AppData\Local\Programs\MiKTeX\tex/latex/amsfonts\umsa.fd
File: umsa.fd 2013/01/14 v3.01 AMS symbols A
)
LaTeX Font Info:    Trying to load font information for U+msb on input line 83.


(C:\Users\akifm\AppData\Local\Programs\MiKTeX\tex/latex/amsfonts\umsb.fd
File: umsb.fd 2013/01/14 v3.01 AMS symbols B
)
<figures/pipeline_overview.png, id=341, 505.89pt x 158.994pt>
File: figures/pipeline_overview.png Graphic file (type png)
<use figures/pipeline_overview.png>
Package pdftex.def Info: figures/pipeline_overview.png  used on input line 111.

(pdftex.def)             Requested size: 252.0pt x 79.20082pt.

[2 <./figures/pipeline_overview.png>] [3]
Underfull \hbox (badness 10000) in paragraph at lines 300--301
[]|\OT1/ptm/m/n/9 Fraud clas-si-fi-ca-tion via
 []


Underfull \hbox (badness 10000) in paragraph at lines 301--301
[]|\OT1/ptm/m/n/9 Quantum-classical
 []


Underfull \hbox (badness 10000) in paragraph at lines 301--302
[]|\OT1/ptm/m/n/9 Fraud de-tec-tion with
 []


Underfull \hbox (badness 10000) in paragraph at lines 301--302
\OT1/ptm/m/n/9 quantum-assisted fea-ture
 []


Underfull \hbox (badness 6910) in paragraph at lines 305--306
[]|\OT1/ptm/m/n/9 Architecture-level rem-edy
 []


Underfull \hbox (badness 10000) in paragraph at lines 306--306
[]|\OT1/ptm/m/n/9 Contrastive +
 []


Underfull \hbox (badness 10000) in paragraph at lines 306--306
\OT1/ptm/m/n/9 uncertainty-aware
 []

[4]
LaTeX Font Info:    Trying to load font information for OT1+pcr on input line 4
76.
 (C:\Users\akifm\AppData\Local\Programs\MiKTeX\tex/latex/psnfss\ot1pcr.fd
File: ot1pcr.fd 2001/06/04 font definitions for OT1/pcr.
)
[5] [6]) (sections/02_proposed_model.tex [7]
Underfull \hbox (badness 2285) in paragraph at lines 118--137
\OT1/ptm/m/n/10 of the pre-de-ces-sor's train-ing scripts. (i) SMOTE over-
 []

<figures/leakage_timeline.png, id=524, 469.755pt x 231.264pt>
File: figures/leakage_timeline.png Graphic file (type png)
<use figures/leakage_timeline.png>
Package pdftex.def Info: figures/leakage_timeline.png  used on input line 169.
(pdftex.def)             Requested size: 252.0pt x 124.06201pt.
[8 <./figures/leakage_timeline.png>]
Underfull \hbox (badness 1584) in paragraph at lines 306--330
\OT1/ptm/m/n/10 mark -- sourced di-rectly from its Kag-gle mir-ror rather
 []

[9]
Underfull \hbox (badness 1997) in paragraph at lines 355--386
\OT1/ptm/m/n/10 this project's own agent-based syn-thetic ERP econ-omy,
 []


Underfull \hbox (badness 5431) in paragraph at lines 355--386
\OT1/ptm/m/n/10 span-ning 39,256 ac-counts, gen-er-ated de-lib-er-ately \OT1/pt
m/m/it/10 af-ter
 []


Underfull \hbox (badness 2253) in paragraph at lines 355--386
\OT1/ptm/m/n/10 to avoid the cir-cu-lar-ity risk of in-ject-ing fraud in the
 []


Underfull \hbox (badness 2418) in paragraph at lines 355--386
\OT1/ptm/m/n/10 ex-act shape a de-tec-tor is built to find -- a trap the
 []


Underfull \hbox (badness 2027) in paragraph at lines 355--386
\OT1/ptm/m/n/10 pre-de-ces-sor sys-tem fell into by la-bel-ing in-jected fraud
 []


Underfull \hbox (badness 6526) in paragraph at lines 355--386
\OT1/pcr/m/n/10 synth_erp_realism.json\OT1/ptm/m/n/10 ); the worst rule found,
 []


Underfull \hbox (badness 10000) in paragraph at lines 355--386
\OT1/pcr/m/n/10 tx_type=transfer & dest_created_midyear\OT1/ptm/m/n/10 ,
 []

<figures/dataset_topology_spectrum.png, id=555, 397.485pt x 289.08pt>
File: figures/dataset_topology_spectrum.png Graphic file (type png)
<use figures/dataset_topology_spectrum.png>
Package pdftex.def Info: figures/dataset_topology_spectrum.png  used on input l
ine 396.
(pdftex.def)             Requested size: 252.0pt x 183.27704pt.
[10 <./figures/dataset_topology_spectrum.png>]
Underfull \hbox (badness 10000) in paragraph at lines 437--446
 \OT1/ptm/m/it/10 1) The Leak-age In-vari-ant: Read, Then In-sert: [][][]
 []


Underfull \hbox (badness 1910) in paragraph at lines 452--455
[]\OT1/ptm/b/n/10 Insert. \OT1/ptm/m/n/10 Only af-ter ev-ery read above re-turn
s does
 []


Underfull \hbox (badness 10000) in paragraph at lines 452--455
\OT1/ptm/m/n/10 the en-gine call \OT1/pcr/m/n/10 WindowGraph.add(t, u, v,
 []


Underfull \hbox (badness 10000) in paragraph at lines 452--455
\OT1/pcr/m/n/10 amount) \OT1/ptm/m/n/10 and \OT1/pcr/m/n/10 LapMemory.record(..
.) \OT1/ptm/m/n/10 for
 []

LaTeX Font Info:    Trying to load font information for TS1+ptm on input line 5
39.
(C:\Users\akifm\AppData\Local\Programs\MiKTeX\tex/latex/psnfss\ts1ptm.fd
File: ts1ptm.fd 2001/06/04 font definitions for TS1/ptm.
)
[11]
Underfull \hbox (badness 10000) in paragraph at lines 578--583
[]\OT1/ptm/m/it/10 Lapping de-tec-tors (4). \OT1/pcr/m/n/10 lap_in_recur \OT1/p
tm/m/n/10 and
 []


Underfull \hbox (badness 10000) in paragraph at lines 578--583
\OT1/pcr/m/n/10 lap_in_payers \OT1/ptm/m/n/10 are \OT1/pcr/m/n/10 LapMemory.rec
urrence
 []


Underfull \hbox (badness 3058) in paragraph at lines 578--583
\OT1/ptm/m/n/10 his-tory; \OT1/pcr/m/n/10 lap_out_recur \OT1/ptm/m/n/10 and \OT
1/pcr/m/n/10 lap_out_payees \OT1/ptm/m/n/10 the
 []


Underfull \hbox (badness 10000) in paragraph at lines 586--607
\OT1/pcr/m/n/10 in_cycle_ge3\OT1/ptm/m/n/10 , \OT1/pcr/m/n/10 cycle_time_span\O
T1/ptm/m/n/10 , \OT1/pcr/m/n/10 fan_in\OT1/ptm/m/n/10 ,
 []


Underfull \hbox (badness 10000) in paragraph at lines 586--607
\OT1/pcr/m/n/10 fan_out\OT1/ptm/m/n/10 , \OT1/pcr/m/n/10 dest_in_degree\OT1/ptm
/m/n/10 , \OT1/pcr/m/n/10 src_out_degree\OT1/ptm/m/n/10 )
 []


Underfull \hbox (badness 4981) in paragraph at lines 586--607
\OT1/ptm/m/n/10 ex-poses this split (\OT1/pcr/m/n/10 topology_structure_cols \O
T1/ptm/m/n/10 vs.
 []


Underfull \hbox (badness 10000) in paragraph at lines 614--615
 \OT1/ptm/m/it/10 1) Model fam-ily: gradient-boosted trees, his-togram
 []


Underfull \hbox (badness 8094) in paragraph at lines 614--615
\OT1/ptm/m/it/10 method: [][][] \OT1/ptm/m/n/10 Ev-ery arm in this pa-per is an
 XG-Boost
 []


Underfull \hbox (badness 10000) in paragraph at lines 614--615
\OT1/ptm/m/n/10 clas-si-fier [[]60[]] with \OT1/pcr/m/n/10 tree_method="hist"\O
T1/ptm/m/n/10 , trained
 []


Underfull \hbox (badness 10000) in paragraph at lines 614--615
\OT1/ptm/m/n/10 40 rounds with-out validation-PR-AUC im-prove-ment.
 []


Underfull \hbox (badness 10000) in paragraph at lines 614--615
\OT1/ptm/m/n/10 A sin-gle locked de-fault con-fig-u-ra-tion an-chors ev-ery
 []


Underfull \hbox (badness 10000) in paragraph at lines 614--615
\OT1/ptm/m/n/10 com-par-i-son: \OT1/pcr/m/n/10 max_depth=6\OT1/ptm/m/n/10 , \OT
1/pcr/m/n/10 learning_rate=0.05\OT1/ptm/m/n/10 ,
 []


Underfull \hbox (badness 10000) in paragraph at lines 614--615
\OT1/pcr/m/n/10 subsample=0.8\OT1/ptm/m/n/10 , \OT1/pcr/m/n/10 colsample_bytree
=0.8\OT1/ptm/m/n/10 ,
 []


Underfull \hbox (badness 10000) in paragraph at lines 614--615
\OT1/pcr/m/n/10 min_child_weight=5\OT1/ptm/m/n/10 , \OT1/pcr/m/n/10 reg_lambda=
1.0\OT1/ptm/m/n/10 ,
 []


Underfull \hbox (badness 1715) in paragraph at lines 614--615
\OT1/ptm/m/n/10 search (20 sam-pled con-fig-u-ra-tions, scored on val-i-da-tion

 []

[12]
Underfull \hbox (badness 3039) in paragraph at lines 623--624
\OT1/pcr/m/n/10 false \OT1/ptm/m/n/10 ow-ing to the small-sample guard above), 
and
 []


Underfull \hbox (badness 1874) in paragraph at lines 626--627
 \OT1/ptm/m/it/10 3) Chrono-log-i-cal split-ting, in-clud-ing a partition-aware

 []


Underfull \hbox (badness 3815) in paragraph at lines 628--629
\OT1/ptm/m/n/10 ap-pear in this project's own com-mit-ted ar-ti-facts, and
 []


Underfull \hbox (badness 2512) in paragraph at lines 628--629
\OT1/ptm/m/n/10 final-champion run (\OT1/pcr/m/n/10 final_champions.json\OT1/pt
m/m/n/10 ) re-ports
 []

[13]
Underfull \hbox (badness 3872) in paragraph at lines 637--638
\OT1/ptm/m/n/10 the booster runs the ex-act Tree-SHAP re-cur-sion [[]37[]],
 []


Underfull \hbox (badness 7116) in paragraph at lines 644--645
\OT1/pcr/m/n/10 lap_out_recur\OT1/ptm/m/n/10 ) and the cy-cle amount-conservati
on
 []


Underfull \hbox (badness 2213) in paragraph at lines 644--645
\OT1/ptm/m/n/10 pro-duced by the en-gine, the fea-ture man-i-fests con-firm
 []


Underfull \hbox (badness 2253) in paragraph at lines 644--645
\OT1/ptm/m/n/10 eight are pure struc-ture (\OT1/pcr/m/n/10 in_cycle\OT1/ptm/m/n
/10 , \OT1/pcr/m/n/10 cycle_length\OT1/ptm/m/n/10 ,
 []


Underfull \hbox (badness 10000) in paragraph at lines 644--645
\OT1/pcr/m/n/10 in_cycle_ge3\OT1/ptm/m/n/10 , \OT1/pcr/m/n/10 cycle_time_span\O
T1/ptm/m/n/10 , \OT1/pcr/m/n/10 fan_in\OT1/ptm/m/n/10 ,
 []


Underfull \hbox (badness 10000) in paragraph at lines 644--645
\OT1/pcr/m/n/10 fan_out\OT1/ptm/m/n/10 , \OT1/pcr/m/n/10 dest_in_degree\OT1/ptm
/m/n/10 , \OT1/pcr/m/n/10 src_out_degree\OT1/ptm/m/n/10 ),
 []


Underfull \hbox (badness 10000) in paragraph at lines 652--653
[]\OT1/ptm/b/n/10 amount[]blind[]topology[]lift \OT1/ptm/m/n/10 = PR-AUC(Amount
-
 []


Underfull \hbox (badness 10000) in paragraph at lines 653--654
[]\OT1/ptm/b/n/10 amount[]blind[]structure[]lift \OT1/ptm/m/n/10 = PR-AUC(Amoun
t-
 []


Underfull \hbox (badness 3861) in paragraph at lines 653--654
\OT1/ptm/m/n/10 blind+Structure) $\OMS/cmsy/m/n/10 ^^@$ \OT1/ptm/m/n/10 PR-AUC(
Amount-blind base-line)
 []


Underfull \vbox (badness 10000) has occurred while \output is active []

 [14]
Underfull \hbox (badness 10000) in paragraph at lines 751--751
\OT1/ptm/m/n/10 (all 1,148,503 rows, fraud and be-nign com-bined).
 []


Underfull \hbox (badness 10000) in paragraph at lines 751--751
\OT1/ptm/m/n/10 Source: \OT1/pcr/m/n/10 paper/data/synth_erp_realism.json\OT1/p
tm/m/n/10 ,
 []

[15]
Underfull \hbox (badness 1558) in paragraph at lines 791--804
\OT1/ptm/m/n/10 760 (\OT1/pcr/m/n/10 lapping\OT1/ptm/m/n/10 ), 625 (\OT1/pcr/m/
n/10 invoice_kickback\OT1/ptm/m/n/10 ), and 455
 []


Underfull \hbox (badness 2922) in paragraph at lines 866--886
[]\OT1/ptm/m/n/10 Each of the top-$\OML/cmm/m/it/10 n$ \OT1/ptm/m/n/10 drivers 
re-turned for an alert is
 []


Underfull \hbox (badness 10000) in paragraph at lines 866--886
\OT1/ptm/m/n/10 bal-ance, cat-e-gory, prior-history), \OT1/pcr/m/n/10 topology 
\OT1/ptm/m/n/10 (pure
 []


Underfull \hbox (badness 10000) in paragraph at lines 866--886
\OT1/ptm/m/n/10 graph-shape statis-tics such as fan-in or in-degree),
 []


Underfull \hbox (badness 10000) in paragraph at lines 866--886
\OT1/pcr/m/n/10 topology-amount-derived\OT1/ptm/m/n/10 , and \OT1/pcr/m/n/10 tg
n\OT1/ptm/m/n/10 . The third
 []


Underfull \hbox (badness 3168) in paragraph at lines 866--886
\OT1/pcr/m/n/10 lap_in_recur\OT1/ptm/m/n/10 , \OT1/pcr/m/n/10 lap_in_payers\OT1
/ptm/m/n/10 , \OT1/pcr/m/n/10 lap_out_recur\OT1/ptm/m/n/10 ,
 []


Underfull \hbox (badness 3679) in paragraph at lines 866--886
\OT1/pcr/m/n/10 lap_out_payees\OT1/ptm/m/n/10 ) are, on in-spec-tion, amount si
g-nal
 []


Underfull \hbox (badness 3219) in paragraph at lines 866--886
\OT1/ptm/m/n/10 re-cov-ered through a struc-tural proxy rather than pure
 []


Underfull \hbox (badness 2050) in paragraph at lines 866--886
\OT1/ptm/m/n/10 shape, so the alert layer re-splits the bun-dle's coarser
 []


Underfull \hbox (badness 10000) in paragraph at lines 866--886
\OT1/ptm/m/n/10 13-column ``topol-ogy'' group (8 pure-structure $\OT1/cmr/m/n/1
0 +$ \OT1/ptm/m/n/10 5
 []


Underfull \hbox (badness 1742) in paragraph at lines 866--886
\OT1/ptm/m/n/10 amount-derived, out of 21/13/65, 8/13/65, 20/13/65 and
 []


Underfull \hbox (badness 10000) in paragraph at lines 866--886
\OT1/ptm/m/n/10 15/13/65 or-di-nary/topology/tgn columns for BankSim,
 []


Underfull \hbox (badness 1968) in paragraph at lines 866--886
\OT1/ptm/m/n/10 IBM AML, SAP W[]urzburg and synth[]erp re-spec-tively;
 []

[16]
Underfull \hbox (badness 1769) in paragraph at lines 887--895
\OT1/pcr/m/n/10 topology\OT1/ptm/m/n/10 ) and \OT1/pcr/m/n/10 dest_in_degree\OT
1/ptm/m/n/10 =52 (SHAP $\OT1/cmr/m/n/10 +0\OML/cmm/m/it/10 :\OT1/cmr/m/n/10 63$
\OT1/ptm/m/n/10 ,
 []

<figures/alert_evidence_mix.png, id=656, 397.485pt x 202.356pt>
File: figures/alert_evidence_mix.png Graphic file (type png)
<use figures/alert_evidence_mix.png>
Package pdftex.def Info: figures/alert_evidence_mix.png  used on input line 964
.
(pdftex.def)             Requested size: 252.0pt x 128.29391pt.
LaTeX Font Info:    Trying to load font information for OMS+pcr on input line 9
78.
(C:\Users\akifm\AppData\Local\Programs\MiKTeX\tex/latex/psnfss\omspcr.fd
File: omspcr.fd 
)
LaTeX Font Info:    Font shape `OMS/pcr/m/n' in size <10> not available
(Font)              Font shape `OMS/cmsy/m/n' tried instead on input line 978.

Underfull \hbox (badness 4726) in paragraph at lines 978--979
\OT1/ptm/m/n/10 three-tier sys-tem cho-sen for au-ditabil-ity over nov-elty,
 []


Underfull \hbox (badness 4543) in paragraph at lines 978--979
\OT1/ptm/m/n/10 con-sis-tent with the broader find-ing that ERP-adjacent
 []


Underfull \hbox (badness 3872) in paragraph at lines 978--979
\OT1/ptm/m/n/10 ML sys-tems suc-ceed or fail on in-te-gra-tion dis-ci-pline
 []


Underfull \hbox (badness 5592) in paragraph at lines 978--979
\OT1/ptm/m/n/10 more than on model so-phis-ti-ca-tion [[]31[]]. A FastAPI
 []


Underfull \hbox (badness 2608) in paragraph at lines 978--979
\OT1/ptm/m/n/10 back-end ex-poses the ledger's do-main ob-jects (ven-dors,
 []


Underfull \hbox (badness 7047) in paragraph at lines 978--979
\OT1/ptm/m/n/10 AP in-voices, pay-ments, pay-ment runs, GL ac-counts,
 []


Overfull \hbox (115.15994pt too wide) in paragraph at lines 978--979
\OT1/ptm/m/n/10 (\OT1/pcr/m/n/10 app/api/\OMS/cmsy/m/n/10 f\OT1/pcr/m/n/10 vend
ors,invoices,payments,gl,alerts,auth,system\OMS/cmsy/m/n/10 g\OT1/pcr/m/n/10 .p
y\OT1/ptm/m/n/10 ),
 []


Underfull \hbox (badness 10000) in paragraph at lines 978--979
\OT1/ptm/m/n/10 book-keep-ing. A Re-act/TypeScript single-page fron-tend
 []


Underfull \hbox (badness 1831) in paragraph at lines 978--979
\OT1/ptm/m/n/10 (\OT1/pcr/m/n/10 web/\OT1/ptm/m/n/10 ) pro-vides the clerk-faci
ng ERP screens and the
 []


Underfull \hbox (badness 1590) in paragraph at lines 978--979
\OT1/ptm/m/n/10 it-er-a-tion let Neo4j silently be-come a load-bearing (and
 []

[17 <./figures/alert_evidence_mix.png>]
Underfull \hbox (badness 10000) in paragraph at lines 980--981
[]\OT1/ptm/m/n/10 The de-tail that dis-tin-guishes this sys-tem from
 []


Underfull \hbox (badness 10000) in paragraph at lines 980--981
\OT1/ptm/m/n/10 a typ-i-cal ML-in-the-loop web ap-pli-ca-tion is the
 []


Underfull \hbox (badness 10000) in paragraph at lines 980--981
\OT1/ptm/m/n/10 scor-ing layer's re-la-tion-ship to the re-search code.
 []


Overfull \hbox (36.0pt too wide) in paragraph at lines 980--981
\OT1/pcr/m/n/10 app.services.scoring_service.FraudScoringService
 []


Underfull \hbox (badness 3514) in paragraph at lines 980--981
\OT1/ptm/m/n/10 does not reim-ple-ment the topol-ogy or tab-u-lar fea-ture
 []


Underfull \hbox (badness 5147) in paragraph at lines 980--981
\OT1/ptm/m/n/10 logic; it holds a live \OT1/pcr/m/n/10 OnlineTopologyState \OT1
/ptm/m/n/10 and
 []


Underfull \hbox (badness 10000) in paragraph at lines 980--981
\OT1/ptm/m/n/10 and \OT1/pcr/m/n/10 topology.lap_memory.LapMemory \OT1/ptm/m/n/
10 | the
 []


Underfull \hbox (badness 1983) in paragraph at lines 980--981
\OT1/ptm/m/n/10 uses in the of-fline batch pipeline | plus a Welford-
 []


Underfull \hbox (badness 6725) in paragraph at lines 980--981
\OT1/ptm/m/n/10 based in-cre-men-tal coun-ter-part to the batch ordinary-
 []


Underfull \hbox (badness 2617) in paragraph at lines 980--981
\OT1/ptm/m/n/10 feature builder. One in-stance is loaded per dataset at
 []


Underfull \hbox (badness 4168) in paragraph at lines 980--981
\OT1/ptm/m/n/10 ap-pli-ca-tion startup from the per-sisted "on-line" bun-dle
 []


Underfull \hbox (badness 10000) in paragraph at lines 980--981
\OT1/ptm/m/n/10 (\OT1/pcr/m/n/10 app/services/scoring_registry.py\OT1/ptm/m/n/1
0 ), and
 []


Underfull \hbox (badness 1490) in paragraph at lines 980--981
\OT1/pcr/m/n/10 /ready \OT1/ptm/m/n/10 re-ports hon-estly un-avail-able un-til 
at least one
 []

<figures/system_architecture.png, id=670, 469.755pt x 289.08pt>
File: figures/system_architecture.png Graphic file (type png)
<use figures/system_architecture.png>
Package pdftex.def Info: figures/system_architecture.png  used on input line 98
5.
(pdftex.def)             Requested size: 252.0pt x 155.07751pt.

Underfull \hbox (badness 10000) in paragraph at lines 986--986
[]\OT1/ptm/m/n/10 Fig. 5: |De-ployed sys-tem ar-chi-tec-ture. The on-line
 []


Underfull \hbox (badness 1436) in paragraph at lines 986--986
\OT1/pcr/m/n/10 FraudScoringService \OT1/ptm/m/n/10 reuses the re-search pipeli
ne's
 []


Underfull \hbox (badness 4217) in paragraph at lines 990--991
[]\OT1/ptm/m/n/10 Correctness of the reuse, not merely its ex-is-tence,
 []


Underfull \hbox (badness 10000) in paragraph at lines 990--991
\OT1/ptm/m/n/10 is what makes the on-line path trust-wor-thy:
 []


Underfull \hbox (badness 10000) in paragraph at lines 990--991
\OT1/pcr/m/n/10 tests/test_online_topology_parity.py
 []


Underfull \hbox (badness 10000) in paragraph at lines 990--991
\OT1/ptm/m/n/10 re-plays 20,000 real trans-ac-tions through both
 []


Underfull \hbox (badness 10000) in paragraph at lines 990--991
\OT1/ptm/m/n/10 the batch \OT1/pcr/m/n/10 extract_features \OT1/ptm/m/n/10 loop
 and
 []


Underfull \hbox (badness 10000) in paragraph at lines 990--991
\OT1/pcr/m/n/10 OnlineTopologyState.score_transaction\OT1/ptm/m/n/10 ,
 []


Underfull \hbox (badness 1515) in paragraph at lines 994--995
\OT1/ptm/m/n/10 An au-dit con-sole is only as trust-wor-thy as the ledger
 []


Underfull \hbox (badness 1939) in paragraph at lines 994--995
\OT1/ptm/m/n/10 it reads from, and a re-cur-ring theme in ERP-integrity
 []


Underfull \hbox (badness 10000) in paragraph at lines 994--995
\OT1/ptm/m/n/10 three fi-nan-cial in-vari-ants as prop-er-ties the database
 []


Overfull \hbox (84.65991pt too wide) in paragraph at lines 994--995
\OT1/ptm/m/n/10 (\OT1/pcr/m/n/10 alembic/versions/6192dae4f4a4_gl_invariants_tr
iggers.py\OT1/ptm/m/n/10 )
 []


Underfull \hbox (badness 1824) in paragraph at lines 997--998
\OT1/pcr/m/n/10 DEFERRED \OT1/ptm/m/n/10 con-straint trig-ger on \OT1/pcr/m/n/1
0 journal_lines
 []


Underfull \hbox (badness 5924) in paragraph at lines 998--999
[]\OT1/ptm/b/n/10 Period close. \OT1/ptm/m/n/10 An or-di-nary \OT1/pcr/m/n/10 B
EFORE INSERT OR
 []


Underfull \hbox (badness 1796) in paragraph at lines 999--1000
[]\OT1/ptm/b/n/10 Audit-log im-mutabil-ity. \OT1/pcr/m/n/10 UPDATE \OT1/ptm/m/n
/10 and \OT1/pcr/m/n/10 DELETE \OT1/ptm/m/n/10 on
 []

[18 <./figures/system_architecture.png>]) (sections/03_results_analysis.tex
Underfull \hbox (badness 2772) in paragraph at lines 27--27
[]\OT1/ptm/m/n/10 TABLE V: |Topol-ogy fea-ture gain im-por-tance (frac-tion
 []


Underfull \hbox (badness 5787) in paragraph at lines 27--27
\OT1/ptm/m/n/10 of to-tal gain in the topology-augmented model), by
 []


Underfull \hbox (badness 10000) in paragraph at lines 27--27
\OT1/ptm/m/n/10 dataset. Source: \OT1/pcr/m/n/10 paper/data/ablation.json\OT1/p
tm/m/n/10 ,
 []


Underfull \hbox (badness 6412) in paragraph at lines 27--27
\OT1/pcr/m/n/10 topology_importance\OT1/ptm/m/n/10 , sin-gle seed, no con-fi-de
nce
 []


Underfull \hbox (badness 4217) in paragraph at lines 69--109
\OT1/ptm/m/n/10 we state it with-out qual-i-fi-ca-tion: the five cy-cle fea-
 []


Underfull \hbox (badness 2970) in paragraph at lines 69--109
\OT1/ptm/m/n/10 at $\OT1/cmr/m/n/10 0\OML/cmm/m/it/10 :\OT1/cmr/m/n/10 0009$\OT
1/ptm/m/n/10 , well over two or-ders of mag-ni-tude be-low
 []


Underfull \hbox (badness 2837) in paragraph at lines 69--109
\OT1/pcr/m/n/10 lap_out_payees $\OT1/cmr/m/n/10 0\OML/cmm/m/it/10 :\OT1/cmr/m/n
/10 4200$\OT1/ptm/m/n/10 ). Only on \OT1/pcr/m/n/10 synth_erp \OT1/ptm/m/n/10 |

 []


Overfull \hbox (6.00775pt too wide) in paragraph at lines 118--131
 [][] 
 []


Underfull \hbox (badness 2626) in paragraph at lines 135--135
[]\OT1/ptm/m/n/10 TABLE VII: |The four ab-la-tion lift statis-tics (test-split
 []


Underfull \hbox (badness 5288) in paragraph at lines 135--135
\OT1/ptm/m/n/10 PR-AUC deltas). Pos-i-tive = helps; neg-a-tive = hurts.
 []

<figures/ablation_lift_by_dataset.png, id=688, 505.89pt x 231.264pt>
File: figures/ablation_lift_by_dataset.png Graphic file (type png)
<use figures/ablation_lift_by_dataset.png>
Package pdftex.def Info: figures/ablation_lift_by_dataset.png  used on input li
ne 154.
(pdftex.def)             Requested size: 252.0pt x 115.20119pt.
[19] [20 <./figures/ablation_lift_by_dataset.png>]
Underfull \hbox (badness 2073) in paragraph at lines 174--175
 \OT1/ptm/m/it/10 3) The cycle-feature para-dox: [][][] \OT1/ptm/m/n/10 The pro
ject's topol-ogy
 []


Underfull \hbox (badness 2538) in paragraph at lines 174--175
\OT1/ptm/m/n/10 sig-na-ture con-tri-bu-tion | \OT1/pcr/m/n/10 in_cycle\OT1/ptm/
m/n/10 , \OT1/pcr/m/n/10 cycle_length\OT1/ptm/m/n/10 ,
 []


Underfull \hbox (badness 10000) in paragraph at lines 174--175
\OT1/pcr/m/n/10 in_cycle_ge3\OT1/ptm/m/n/10 , \OT1/pcr/m/n/10 cycle_amount_rati
o\OT1/ptm/m/n/10 , and
 []


Underfull \hbox (badness 1584) in paragraph at lines 178--178
\OT1/ptm/m/n/10 the base-line+topology model. \OT1/pcr/m/n/10 topology_importan
ce\OT1/ptm/m/n/10 ,
 []


Overfull \hbox (4.17128pt too wide) in paragraph at lines 181--191
 [][] 
 []

<figures/topology_importance_heatmap.png, id=717, 397.485pt x 361.35pt>
File: figures/topology_importance_heatmap.png Graphic file (type png)
<use figures/topology_importance_heatmap.png>
Package pdftex.def Info: figures/topology_importance_heatmap.png  used on input
 line 198.
(pdftex.def)             Requested size: 252.0pt x 229.0963pt.

Underfull \hbox (badness 4765) in paragraph at lines 199--199
[]\OT1/ptm/m/n/10 Fig. 8: |Topol-ogy fea-ture gain im-por-tance by dataset
 []

[21]
Underfull \hbox (badness 10000) in paragraph at lines 208--209
[]\OT1/ptm/m/n/10 All re-sults in this sec-tion come
 []


Underfull \hbox (badness 10000) in paragraph at lines 208--209
\OT1/ptm/m/n/10 from \OT1/pcr/m/n/10 paper/data/modern.json \OT1/ptm/m/n/10 (th
e
 []


Underfull \hbox (badness 10000) in paragraph at lines 208--209
\OT1/ptm/m/n/10 con-trolled multi-seed com-par-i-son) and
 []


Underfull \hbox (badness 10000) in paragraph at lines 208--209
\OT1/pcr/m/n/10 paper/data/final_champions.json \OT1/ptm/m/n/10 (the ac-tual
 []


Underfull \hbox (badness 2564) in paragraph at lines 208--209
\OT1/ptm/m/n/10 20-configuration hy-per-pa-ram-e-ter search); num-bers drawn
 []


Underfull \hbox (badness 1838) in paragraph at lines 208--209
\OT1/ptm/m/n/10 for BankSim/IBM AML/SAP W[]urzburg/synth[]erp); \OT1/ptm/b/n/10
 B \OT1/ptm/m/n/10 =
 []

[22 <./figures/topology_importance_heatmap.png>]
Underfull \hbox (badness 10000) in paragraph at lines 240--240
[]\OT1/ptm/m/n/10 TABLE X: |Cham-pion val-i-da-tion se-lec-tion
 []


Underfull \hbox (badness 10000) in paragraph at lines 240--240
\OT1/ptm/m/n/10 (\OT1/pcr/m/n/10 final_champions.json\OT1/ptm/m/n/10 ), full fe
a-ture set
 []

<figures/modern_tgn_lift_by_dataset.png, id=744, 397.485pt x 202.356pt>
File: figures/modern_tgn_lift_by_dataset.png Graphic file (type png)
<use figures/modern_tgn_lift_by_dataset.png>
Package pdftex.def Info: figures/modern_tgn_lift_by_dataset.png  used on input 
line 291.
(pdftex.def)             Requested size: 252.0pt x 128.29391pt.

Underfull \vbox (badness 10000) has occurred while \output is active []

 [23]
Underfull \vbox (badness 4229) has occurred while \output is active []


Underfull \hbox (badness 6808) in paragraph at lines 305--331
\OT1/ptm/m/n/10 real datasets (\OT1/pcr/m/n/10 ibm_aml\OT1/ptm/m/n/10 , \OT1/pc
r/m/n/10 banksim\OT1/ptm/m/n/10 , \OT1/pcr/m/n/10 sap_wurzburg\OT1/ptm/m/n/10 ,

 []


Underfull \hbox (badness 10000) in paragraph at lines 305--331
\OT1/pcr/m/n/10 paysim\OT1/ptm/m/n/10 ), mea-sured with iden-ti-cal method-ol-o
gy, or
 []


Underfull \hbox (badness 5203) in paragraph at lines 305--331
\OT1/ptm/m/n/10 out-side it? Ta-ble []XII[] an-swers this for six statis-tics
 []


Underfull \hbox (badness 10000) in paragraph at lines 305--331
\OT1/ptm/m/n/10 drawn from \OT1/pcr/m/n/10 calibration_reference.json \OT1/ptm/
m/n/10 and
 []


Underfull \hbox (badness 1540) in paragraph at lines 305--331
\OT1/ptm/m/n/10 mixes cents-scale re-tail tick-ets with trea-sury sweeps of
 []


Underfull \hbox (badness 10000) in paragraph at lines 342--342
[]\OT1/ptm/m/n/10 TABLE XII: |Re-al-ism au-dit: \OT1/pcr/m/n/10 synth_erp \OT1/
ptm/m/n/10 vs.
 []


Underfull \hbox (badness 10000) in paragraph at lines 342--342
\OT1/ptm/m/n/10 the real-dataset ref-er-ence band (min--max across
 []


Underfull \hbox (badness 10000) in paragraph at lines 342--342
\OT1/pcr/m/n/10 ibm_aml\OT1/ptm/m/n/10 , \OT1/pcr/m/n/10 banksim\OT1/ptm/m/n/10
 , \OT1/pcr/m/n/10 sap_wurzburg\OT1/ptm/m/n/10 , \OT1/pcr/m/n/10 paysim\OT1/ptm
/m/n/10 ).
 []


Underfull \hbox (badness 10000) in paragraph at lines 342--342
\OT1/ptm/m/n/10 Source: \OT1/pcr/m/n/10 calibration_reference.json\OT1/ptm/m/n/
10 ,
 []


Underfull \hbox (badness 2653) in paragraph at lines 360--379
\OT1/ptm/m/n/10 iden-ti-fied in \OT1/pcr/m/n/10 ibm_aml \OT1/ptm/m/n/10 else-wh
ere in this pa-per (fraud
 []

[24 <./figures/modern_tgn_lift_by_dataset.png>]
Underfull \hbox (badness 1762) in paragraph at lines 383--397
\OT1/ptm/m/n/10 rate. Ta-ble []XIII[] re-ports the eight highest-lift rules out

 []


Underfull \hbox (badness 2460) in paragraph at lines 383--397
\OT1/pcr/m/n/10 tx_type=recurring_bill\OT1/ptm/m/n/10 , \OT1/pcr/m/n/10 tx_type
=refund\OT1/ptm/m/n/10 ) and
 []


Underfull \hbox (badness 10000) in paragraph at lines 398--417
[]\OT1/ptm/m/n/10 The rule the probe it-self records as worst,
 []


Underfull \hbox (badness 10000) in paragraph at lines 398--417
\OT1/pcr/m/n/10 tx_type=transfer & dest_created_midyear\OT1/ptm/m/n/10 ,
 []


Underfull \hbox (badness 2564) in paragraph at lines 421--421
[]\OT1/ptm/m/n/10 TABLE XIII: |Ad-ver-sar-ial tabular-leak probe, top 8 of
 []


Underfull \hbox (badness 5622) in paragraph at lines 421--421
\OT1/ptm/m/n/10 16 rules by lift. Base fraud rate 0.4884%. Source:
 []

[25]
Underfull \hbox (badness 10000) in paragraph at lines 566--572
\OT1/ptm/m/n/10 (\OT1/pcr/m/n/10 final_champions.json\OT1/ptm/m/n/10 : \OT1/pcr
/m/n/10 shap_global_top20\OT1/ptm/m/n/10 ,
 []


Underfull \hbox (badness 10000) in paragraph at lines 575--575
[]\OT1/ptm/m/n/10 TABLE XV: |Top-3 glob-ally at-tributed fea-tures per
 []


Underfull \hbox (badness 3281) in paragraph at lines 575--575
\OT1/ptm/m/n/10 dataset by mean $\OMS/cmsy/m/n/10 j$\OT1/ptm/m/n/10 SHAP$\OMS/c
msy/m/n/10 j$ \OT1/ptm/m/n/10 (mar-gin space), with fam-ily
 []


Overfull \hbox (102.61984pt too wide) in paragraph at lines 578--603
 [][] 
 []


Underfull \hbox (badness 10000) in paragraph at lines 615--625
\OT1/ptm/m/n/10 tagged \OT1/pcr/m/n/10 topology-amount-derived \OT1/ptm/m/n/10 
rather than
 []


Underfull \hbox (badness 1701) in paragraph at lines 615--625
\OT1/ptm/m/n/10 pure \OT1/pcr/m/n/10 topology \OT1/ptm/m/n/10 -- con-firm-ing a
t the dataset level the
 []


Underfull \hbox (badness 10000) in paragraph at lines 615--625
\OT1/ptm/m/n/10 alert-level pat-tern noted above, and con-sis-tent with
 []


Underfull \hbox (badness 5288) in paragraph at lines 615--625
\OT1/pcr/m/n/10 final_champions.json\OT1/ptm/m/n/10 's own recorded caveat for
 []

[26]
Underfull \hbox (badness 1845) in paragraph at lines 639--647
[]\OT1/ptm/m/n/10 Together, Ta-bles []IV[] and []XV[] ar-gue against any sin-
 []


Overfull \hbox (20.85002pt too wide) in paragraph at lines 659--668
 [][] 
 []

[27]
Underfull \hbox (badness 10000) in paragraph at lines 708--709
\OT1/ptm/m/n/10 Kuma stack, not a planned one. Prometheus
 []


Underfull \hbox (badness 10000) in paragraph at lines 708--709
\OT1/ptm/m/n/10 scrapes \OT1/pcr/m/n/10 /metrics \OT1/ptm/m/n/10 ev-ery 10 sec-
onds with the
 []


Underfull \hbox (badness 10000) in paragraph at lines 708--709
\OT1/pcr/m/n/10 shadow-ledger-api \OT1/ptm/m/n/10 tar-get con-firmed healthy; a

 []


Underfull \hbox (badness 10000) in paragraph at lines 708--709
\OT1/ptm/m/n/10 Grafana dash-board ("Shadow Ledger | Overview")
 []


Underfull \hbox (badness 10000) in paragraph at lines 708--709
\OT1/ptm/m/n/10 is auto-provisioned along-side the data-source and
 []


Underfull \hbox (badness 10000) in paragraph at lines 708--709
\OT1/ptm/m/n/10 ex-poses re-quest rate and 5xx rate by route, p95
 []


Underfull \hbox (badness 10000) in paragraph at lines 708--709
\OT1/ptm/m/n/10 la-tency by route, fraud-scoring la-tency p50/p95/p99,
 []


Underfull \hbox (badness 10000) in paragraph at lines 708--709
\OT1/ptm/m/n/10 cache hit rate, and duplicate-payment at-tempts.
 []


Underfull \hbox (badness 10000) in paragraph at lines 708--709
\OT1/pcr/m/n/10 fraud_scoring_latency_seconds\OMS/cmsy/m/n/10 f\OT1/pcr/m/n/10 
dataset\OMS/cmsy/m/n/10 g \OT1/ptm/m/n/10 is
 []


Underfull \hbox (badness 4181) in paragraph at lines 708--709
\OT1/ptm/m/n/10 de-sign (Sec-tion [][][]): topol-ogy lookup, Welford-based
 []


Underfull \hbox (badness 1701) in paragraph at lines 708--709
\OT1/ptm/m/n/10 ev-ery bug found dur-ing query op-ti-miza-tion and test-ing
 []


Underfull \hbox (badness 10000) in paragraph at lines 710--711
\OT1/ptm/m/n/10 not a pro-jec-tion. The duplicate-payment race
 []


Underfull \hbox (badness 6708) in paragraph at lines 710--711
\OT1/ptm/m/n/10 (\OT1/pcr/m/n/10 tests/load/payment_race.js\OT1/ptm/m/n/10 ) is
 the au-to-mated
 []


Underfull \hbox (badness 6188) in paragraph at lines 710--711
\OT1/ptm/m/n/10 ramp (\OT1/pcr/m/n/10 tests/load/mixed_workload.js\OT1/ptm/m/n/
10 ) drives a
 []


Underfull \hbox (badness 2343) in paragraph at lines 710--711
\OT1/ptm/m/n/10 40-connection database pool, de-lib-er-ately re-ported as a
 []


Underfull \hbox (badness 10000) in paragraph at lines 721--721
[]|\OT1/ptm/m/n/7 Duplicate-payment
 []


Underfull \hbox (badness 10000) in paragraph at lines 721--722
[]|\OT1/ptm/m/n/7 1/30 suc-ceeded,
 []


Underfull \hbox (badness 10000) in paragraph at lines 721--722
\OT1/ptm/m/n/7 29/29 re-jected
 []


Underfull \hbox (badness 10000) in paragraph at lines 721--722
\OT1/ptm/m/n/7 (\OT1/pcr/m/n/7 duplicate_payment\OT1/ptm/m/n/7 );
 []


Underfull \hbox (badness 10000) in paragraph at lines 721--722
\OT1/ptm/m/n/7 DB con-firms ex-actly 1
 []


Underfull \hbox (badness 5274) in paragraph at lines 721--722
\OT1/ptm/m/n/7 pay-ment row; successful-
 []


Underfull \hbox (badness 10000) in paragraph at lines 723--723
[]|\OT1/ptm/m/n/7 Mixed work-load
 []


Underfull \hbox (badness 3815) in paragraph at lines 723--723
[]|\OT1/ptm/m/n/7 k6, 0$\OMS/cmsy/m/n/7 !$\OT1/ptm/m/n/7 50$\OMS/cmsy/m/n/7 !$\
OT1/ptm/m/n/7 200$\OMS/cmsy/m/n/7 !$\OT1/ptm/m/n/7 500 VUs,
 []


Underfull \hbox (badness 2512) in paragraph at lines 723--724
\OT1/ptm/m/n/7 28,642 com-pleted; over-all
 []


Underfull \hbox (badness 10000) in paragraph at lines 723--724
\OT1/ptm/m/n/7 ($\OML/cmm/m/it/7 <$\OT1/ptm/m/n/7 5% thresh-old passed;
 []


Underfull \hbox (badness 10000) in paragraph at lines 725--725
[]|\OT1/ptm/m/n/7 Backup/restore
 []


Underfull \hbox (badness 10000) in paragraph at lines 725--725
[]|\OT1/pcr/m/n/7 pg_dump -Fc $\OMS/cmsy/m/n/7 !$ \OT1/ptm/m/n/7 clean
 []


Underfull \hbox (badness 10000) in paragraph at lines 725--725
\OT1/ptm/m/n/7 throw-away DB; row-count
 []


Underfull \hbox (badness 10000) in paragraph at lines 725--725
\OT1/ptm/m/n/7 + payment-total fin-ger-print
 []


Underfull \hbox (badness 10000) in paragraph at lines 725--726
\OT1/ptm/m/n/7 RTO$\OT1/cmr/m/n/7 = 3\OML/cmm/m/it/7 :\OT1/cmr/m/n/7 07$\OT1/pt
m/m/n/7 s (dump
 []


Underfull \hbox (badness 10000) in paragraph at lines 725--726
\OT1/ptm/m/n/7 0.95s/6.99MB, re-store
 []


Underfull \hbox (badness 10000) in paragraph at lines 725--726
\OT1/ptm/m/n/7 2.12s); a run taken
 []


Underfull \hbox (badness 10000) in paragraph at lines 725--726
\OT1/ptm/m/n/7 con-cur-rently with ac-tive
 []


Underfull \hbox (badness 2165) in paragraph at lines 725--726
\OT1/ptm/m/n/7 writes le-git-i-mately re-ports
 []


Underfull \hbox (badness 10000) in paragraph at lines 725--726
\OT1/ptm/m/n/7 match=false (Post-gres
 []


Underfull \hbox (badness 10000) in paragraph at lines 725--726
\OT1/ptm/m/n/7 MVCC), re-pro-duced
 []


Underfull \hbox (badness 1789) in paragraph at lines 725--726
\OT1/ptm/m/n/7 again in the most re-cent
 []


Overfull \hbox (10.8023pt too wide) in paragraph at lines 717--728
 [][] 
 []


Underfull \vbox (badness 1286) has occurred while \output is active []

 [28]
Underfull \hbox (badness 1442) in paragraph at lines 772--772
[]|\OT1/ptm/m/n/7 Single-seed ab-la-tion, no
 []


Overfull \hbox (3.56854pt too wide) in paragraph at lines 772--772
[]|\OT1/pcr/m/n/7 docs/BUILD_SPEC.md\OT1/ptm/m/n/7 ;
 []


Underfull \hbox (badness 10000) in paragraph at lines 772--772
[]|\OT1/ptm/m/n/7 Online en-gine uses
 []


Underfull \hbox (badness 3168) in paragraph at lines 772--772
\OT1/ptm/m/n/7 Welford; batch pipeline
 []


Underfull \hbox (badness 10000) in paragraph at lines 772--772
[]|\OT1/ptm/m/n/7 Synthetic aug-men-ta-tion
 []


Underfull \hbox (badness 10000) in paragraph at lines 772--772
[]|$\OT1/cmr/m/n/7 ^^A$\OT1/ptm/m/n/7 PR-AUC
 []


Underfull \hbox (badness 10000) in paragraph at lines 772--772
\OMS/cmsy/m/n/7 ^^@\OT1/cmr/m/n/7 0\OML/cmm/m/it/7 :\OT1/cmr/m/n/7 1059$\OT1/pt
m/m/n/7 /$\OMS/cmsy/m/n/7 ^^@\OT1/cmr/m/n/7 0\OML/cmm/m/it/7 :\OT1/cmr/m/n/7 00
455$\OT1/ptm/m/n/7 /$\OMS/cmsy/m/n/7 ^^@\OT1/cmr/m/n/7 0\OML/cmm/m/it/7 :\OT1/c
mr/m/n/7 10725$
 []


Underfull \hbox (badness 2096) in paragraph at lines 772--772
[]|\OT1/ptm/m/n/7 Never used in the de-
 []


Underfull \hbox (badness 10000) in paragraph at lines 772--772
[]|\OT1/ptm/m/n/7 Table []XVI[]; ev-ery
 []


Underfull \hbox (badness 10000) in paragraph at lines 772--772
\OT1/ptm/m/n/7 PR-AUC la-beled
 []


Underfull \hbox (badness 1661) in paragraph at lines 776--800
\OT1/ptm/m/n/10 cor-rob-o-rate the qual-i-ta-tive pic-ture -- BankSim sta-ble a
t
 []


Underfull \hbox (badness 2707) in paragraph at lines 776--800
\OT1/ptm/m/n/10 -- but they eval-u-ate a dif-fer-ent, TGN-inclusive fea-ture
 []


Underfull \hbox (badness 10000) in paragraph at lines 776--800
\OT1/ptm/m/n/10 and \OT1/pcr/m/n/10 final_champions.json \OT1/ptm/m/n/10 re-por
t two slightly
 []


Underfull \hbox (badness 3396) in paragraph at lines 776--800
\OT1/ptm/m/n/10 dif-fer-ent partition-aware split sizes for SAP W[]urzburg
 []

[29]
Underfull \hbox (badness 10000) in paragraph at lines 890--916
 \OT1/ptm/m/it/10 5) Sys-tem scope: ac-cess con-trol and de-ploy-ment
 []


Underfull \hbox (badness 10000) in paragraph at lines 890--916
\OT1/ptm/m/it/10 breadth: [][][] \OT1/ptm/m/n/10 The au-dit con-sole en-forces 
three named
 []


Underfull \hbox (badness 10000) in paragraph at lines 890--916
\OT1/ptm/m/n/10 roles -- \OT1/pcr/m/n/10 erp_clerk\OT1/ptm/m/n/10 , \OT1/pcr/m/
n/10 forensic_auditor\OT1/ptm/m/n/10 ,
 []


Underfull \hbox (badness 6825) in paragraph at lines 890--916
\OT1/pcr/m/n/10 system_administrator \OT1/ptm/m/n/10 -- through one route-level

 []


Underfull \hbox (badness 1960) in paragraph at lines 890--916
\OT1/ptm/m/n/10 or per-amount del-e-ga-tion, and no attribute-based pol-icy
 []

[30]) (sections/04_conclusion.tex
Underfull \hbox (badness 2302) in paragraph at lines 84--113
\OT1/ptm/m/n/10 GRU mem-ory ten-sor as a check-pointed, incrementally-
 []

[31]) (main.bbl [32]) [33] (main.aux)
 ***********
LaTeX2e <2025-11-01>
L3 programming layer <2025-12-24>
 ***********
Package rerunfilecheck Info: File `main.out' has not changed.
(rerunfilecheck)             Checksum: AF95A3C295BEE9B6945D041C39409D4E;20831.
 ) 
Here is how much of TeX's memory you used:
 17291 strings out of 467871
 342373 string characters out of 5418376
 744433 words of memory out of 5000000
 45741 multiletter control sequences out of 15000+600000
 679524 words of font info for 141 fonts, out of 8000000 for 9000
 1141 hyphenation exceptions out of 8191
 75i,15n,80p,2289b,1171s stack positions out of 10000i,1000n,20000p,200000b,200000s
<C:/Users/akifm/AppData/Local/Programs/MiKTeX/fonts/type1/public/amsfonts/cm/
cmbx10.pfb><C:/Users/akifm/AppData/Local/Programs/MiKTeX/fonts/type1/public/ams
fonts/cm/cmex10.pfb><C:/Users/akifm/AppData/Local/Programs/MiKTeX/fonts/type1/p
ublic/amsfonts/cm/cmmi10.pfb><C:/Users/akifm/AppData/Local/Programs/MiKTeX/font
s/type1/public/amsfonts/cm/cmmi5.pfb><C:/Users/akifm/AppData/Local/Programs/MiK
TeX/fonts/type1/public/amsfonts/cm/cmmi6.pfb><C:/Users/akifm/AppData/Local/Prog
rams/MiKTeX/fonts/type1/public/amsfonts/cm/cmmi7.pfb><C:/Users/akifm/AppData/Lo
cal/Programs/MiKTeX/fonts/type1/public/amsfonts/cm/cmmi8.pfb><C:/Users/akifm/Ap
pData/Local/Programs/MiKTeX/fonts/type1/public/amsfonts/cm/cmmi9.pfb><C:/Users/
akifm/AppData/Local/Programs/MiKTeX/fonts/type1/public/amsfonts/cm/cmr10.pfb><C
:/Users/akifm/AppData/Local/Programs/MiKTeX/fonts/type1/public/amsfonts/cm/cmr5
.pfb><C:/Users/akifm/AppData/Local/Programs/MiKTeX/fonts/type1/public/amsfonts/
cm/cmr7.pfb><C:/Users/akifm/AppData/Local/Programs/MiKTeX/fonts/type1/public/am
sfonts/cm/cmr9.pfb><C:/Users/akifm/AppData/Local/Programs/MiKTeX/fonts/type1/pu
blic/amsfonts/cm/cmsy10.pfb><C:/Users/akifm/AppData/Local/Programs/MiKTeX/fonts
/type1/public/amsfonts/cm/cmsy5.pfb><C:/Users/akifm/AppData/Local/Programs/MiKT
eX/fonts/type1/public/amsfonts/cm/cmsy6.pfb><C:/Users/akifm/AppData/Local/Progr
ams/MiKTeX/fonts/type1/public/amsfonts/cm/cmsy7.pfb><C:/Users/akifm/AppData/Loc
al/Programs/MiKTeX/fonts/type1/public/amsfonts/cm/cmsy9.pfb><C:/Users/akifm/App
Data/Local/Programs/MiKTeX/fonts/type1/public/amsfonts/symbols/msam10.pfb><C:/U
sers/akifm/AppData/Local/Programs/MiKTeX/fonts/type1/public/amsfonts/symbols/ms
bm10.pfb><C:/Users/akifm/AppData/Local/Programs/MiKTeX/fonts/type1/urw/courier/
ucrr8a.pfb><C:/Users/akifm/AppData/Local/Programs/MiKTeX/fonts/type1/urw/times/
utmb8a.pfb><C:/Users/akifm/AppData/Local/Programs/MiKTeX/fonts/type1/urw/times/
utmbi8a.pfb><C:/Users/akifm/AppData/Local/Programs/MiKTeX/fonts/type1/urw/times
/utmr8a.pfb><C:/Users/akifm/AppData/Local/Programs/MiKTeX/fonts/type1/urw/times
/utmri8a.pfb>
Output written on main.pdf (33 pages, 1235893 bytes).
PDF statistics:
 1002 PDF objects out of 1200 (max. 8388607)
 225 named destinations out of 1000 (max. 500000)
 697 words of extra memory for PDF output out of 10000 (max. 10000000)

